Archive member included because of file (symbol)

c:/altera/13.0sp1/nios2eds/bin/gnu/h-i686-mingw32/bin/../lib/gcc/nios2-elf/4.1.2\libgcc.a(lib2-divmod.o)
                              obj/default/tp_nios_sqrt.o (__udivsi3)
c:/altera/13.0sp1/nios2eds/bin/gnu/h-i686-mingw32/bin/../lib/gcc/nios2-elf/4.1.2/../../../../nios2-elf/lib\libsmallc.a(lib_a-printf.o)
                              obj/default/tp_nios_sqrt.o (printf)
c:/altera/13.0sp1/nios2eds/bin/gnu/h-i686-mingw32/bin/../lib/gcc/nios2-elf/4.1.2/../../../../nios2-elf/lib\libsmallc.a(lib_a-puts.o)
                              obj/default/tp_nios_sqrt.o (puts)
c:/altera/13.0sp1/nios2eds/bin/gnu/h-i686-mingw32/bin/../lib/gcc/nios2-elf/4.1.2/../../../../nios2-elf/lib\libsmallc.a(lib_a-strlen.o)
                              c:/altera/13.0sp1/nios2eds/bin/gnu/h-i686-mingw32/bin/../lib/gcc/nios2-elf/4.1.2/../../../../nios2-elf/lib\libsmallc.a(lib_a-puts.o) (strlen)
c:/altera/13.0sp1/nios2eds/bin/gnu/h-i686-mingw32/bin/../lib/gcc/nios2-elf/4.1.2/../../../../nios2-elf/lib\libsmallc.a(lib_a-vfprintf.o)
                              c:/altera/13.0sp1/nios2eds/bin/gnu/h-i686-mingw32/bin/../lib/gcc/nios2-elf/4.1.2/../../../../nios2-elf/lib\libsmallc.a(lib_a-printf.o) (___vfprintf_internal_r)
c:/altera/13.0sp1/nios2eds/bin/gnu/h-i686-mingw32/bin/../lib/gcc/nios2-elf/4.1.2/../../../../nios2-elf/lib\libsmallc.a(lib_a-fvwrite_small_dev.o)
                              c:/altera/13.0sp1/nios2eds/bin/gnu/h-i686-mingw32/bin/../lib/gcc/nios2-elf/4.1.2/../../../../nios2-elf/lib\libsmallc.a(lib_a-printf.o) (__sfvwrite_small_dev)
c:/altera/13.0sp1/nios2eds/bin/gnu/h-i686-mingw32/bin/../lib/gcc/nios2-elf/4.1.2/../../../../nios2-elf/lib\libsmallc.a(lib_a-impure.o)
                              c:/altera/13.0sp1/nios2eds/bin/gnu/h-i686-mingw32/bin/../lib/gcc/nios2-elf/4.1.2/../../../../nios2-elf/lib\libsmallc.a(lib_a-printf.o) (_impure_ptr)
c:/altera/13.0sp1/nios2eds/bin/gnu/h-i686-mingw32/bin/../lib/gcc/nios2-elf/4.1.2/../../../../nios2-elf/lib\libsmallc.a(lib_a-writer.o)
                              c:/altera/13.0sp1/nios2eds/bin/gnu/h-i686-mingw32/bin/../lib/gcc/nios2-elf/4.1.2/../../../../nios2-elf/lib\libsmallc.a(lib_a-fvwrite_small_dev.o) (_write_r)
c:/altera/13.0sp1/nios2eds/bin/gnu/h-i686-mingw32/bin/../lib/gcc/nios2-elf/4.1.2/../../../../nios2-elf/lib\libsmallc.a(lib_a-int_errno.o)
                              c:/altera/13.0sp1/nios2eds/bin/gnu/h-i686-mingw32/bin/../lib/gcc/nios2-elf/4.1.2/../../../../nios2-elf/lib\libsmallc.a(lib_a-writer.o) (errno)
../sqrt_bsp/\libhal_bsp.a(alt_load.o)
                              ../sqrt_bsp//obj/HAL/src/crt0.o (alt_load)
../sqrt_bsp/\libhal_bsp.a(alt_main.o)
                              ../sqrt_bsp//obj/HAL/src/crt0.o (alt_main)
../sqrt_bsp/\libhal_bsp.a(alt_write.o)
                              c:/altera/13.0sp1/nios2eds/bin/gnu/h-i686-mingw32/bin/../lib/gcc/nios2-elf/4.1.2/../../../../nios2-elf/lib\libsmallc.a(lib_a-writer.o) (write)
../sqrt_bsp/\libhal_bsp.a(alt_sys_init.o)
                              ../sqrt_bsp/\libhal_bsp.a(alt_main.o) (alt_irq_init)
../sqrt_bsp/\libhal_bsp.a(altera_avalon_jtag_uart_fd.o)
                              ../sqrt_bsp/\libhal_bsp.a(alt_sys_init.o) (altera_avalon_jtag_uart_read_fd)
../sqrt_bsp/\libhal_bsp.a(altera_avalon_jtag_uart_read.o)
                              ../sqrt_bsp/\libhal_bsp.a(altera_avalon_jtag_uart_fd.o) (altera_avalon_jtag_uart_read)
../sqrt_bsp/\libhal_bsp.a(altera_avalon_jtag_uart_write.o)
                              ../sqrt_bsp/\libhal_bsp.a(altera_avalon_jtag_uart_fd.o) (altera_avalon_jtag_uart_write)
../sqrt_bsp/\libhal_bsp.a(altera_avalon_timer_sc.o)
                              ../sqrt_bsp/\libhal_bsp.a(alt_sys_init.o) (alt_avalon_timer_sc_init)
../sqrt_bsp/\libhal_bsp.a(alt_close.o)
                              ../sqrt_bsp/\libhal_bsp.a(alt_main.o) (close)
../sqrt_bsp/\libhal_bsp.a(alt_dcache_flush_all.o)
                              ../sqrt_bsp/\libhal_bsp.a(alt_load.o) (alt_dcache_flush_all)
../sqrt_bsp/\libhal_bsp.a(alt_dev.o)
                              ../sqrt_bsp/\libhal_bsp.a(alt_sys_init.o) (alt_dev_list)
../sqrt_bsp/\libhal_bsp.a(alt_dev_llist_insert.o)
                              ../sqrt_bsp/\libhal_bsp.a(alt_sys_init.o) (alt_dev_llist_insert)
../sqrt_bsp/\libhal_bsp.a(alt_do_ctors.o)
                              ../sqrt_bsp/\libhal_bsp.a(alt_main.o) (_do_ctors)
../sqrt_bsp/\libhal_bsp.a(alt_do_dtors.o)
                              ../sqrt_bsp/\libhal_bsp.a(alt_main.o) (_do_dtors)
../sqrt_bsp/\libhal_bsp.a(alt_errno.o)
                              ../sqrt_bsp/\libhal_bsp.a(alt_write.o) (alt_errno)
../sqrt_bsp/\libhal_bsp.a(alt_icache_flush_all.o)
                              ../sqrt_bsp/\libhal_bsp.a(alt_load.o) (alt_icache_flush_all)
../sqrt_bsp/\libhal_bsp.a(alt_iic.o)
                              ../sqrt_bsp/\libhal_bsp.a(altera_avalon_timer_sc.o) (alt_ic_isr_register)
../sqrt_bsp/\libhal_bsp.a(alt_iic_isr_register.o)
                              ../sqrt_bsp/\libhal_bsp.a(alt_iic.o) (alt_iic_isr_register)
../sqrt_bsp/\libhal_bsp.a(alt_io_redirect.o)
                              ../sqrt_bsp/\libhal_bsp.a(alt_main.o) (alt_io_redirect)
../sqrt_bsp/\libhal_bsp.a(alt_irq_entry.o)
                              ../sqrt_bsp/\libhal_bsp.a(alt_iic_isr_register.o) (alt_irq_entry)
../sqrt_bsp/\libhal_bsp.a(alt_irq_handler.o)
                              ../sqrt_bsp/\libhal_bsp.a(alt_iic_isr_register.o) (alt_irq_handler)
../sqrt_bsp/\libhal_bsp.a(alt_irq_vars.o)
                              ../sqrt_bsp/\libhal_bsp.a(alt_iic.o) (alt_irq_active)
../sqrt_bsp/\libhal_bsp.a(alt_open.o)
                              ../sqrt_bsp/\libhal_bsp.a(alt_io_redirect.o) (open)
../sqrt_bsp/\libhal_bsp.a(alt_release_fd.o)
                              ../sqrt_bsp/\libhal_bsp.a(alt_close.o) (alt_release_fd)
../sqrt_bsp/\libhal_bsp.a(alt_tick.o)
                              ../sqrt_bsp/\libhal_bsp.a(altera_avalon_timer_sc.o) (_alt_tick_rate)
../sqrt_bsp/\libhal_bsp.a(altera_nios2_qsys_irq.o)
                              ../sqrt_bsp/\libhal_bsp.a(alt_sys_init.o) (altera_nios2_qsys_irq_init)
../sqrt_bsp/\libhal_bsp.a(alt_exception_entry.o)
                              ../sqrt_bsp/\libhal_bsp.a(alt_irq_entry.o) (alt_exception)
../sqrt_bsp/\libhal_bsp.a(alt_find_dev.o)
                              ../sqrt_bsp/\libhal_bsp.a(alt_open.o) (alt_find_dev)
../sqrt_bsp/\libhal_bsp.a(alt_find_file.o)
                              ../sqrt_bsp/\libhal_bsp.a(alt_open.o) (alt_find_file)
../sqrt_bsp/\libhal_bsp.a(alt_get_fd.o)
                              ../sqrt_bsp/\libhal_bsp.a(alt_open.o) (alt_get_fd)
../sqrt_bsp/\libhal_bsp.a(alt_icache_flush.o)
                              ../sqrt_bsp/\libhal_bsp.a(alt_icache_flush_all.o) (alt_icache_flush)
c:/altera/13.0sp1/nios2eds/bin/gnu/h-i686-mingw32/bin/../lib/gcc/nios2-elf/4.1.2/../../../../nios2-elf/lib\libsmallc.a(lib_a-atexit.o)
                              ../sqrt_bsp/\libhal_bsp.a(alt_main.o) (atexit)
c:/altera/13.0sp1/nios2eds/bin/gnu/h-i686-mingw32/bin/../lib/gcc/nios2-elf/4.1.2/../../../../nios2-elf/lib\libsmallc.a(lib_a-exit.o)
                              ../sqrt_bsp/\libhal_bsp.a(alt_main.o) (exit)
c:/altera/13.0sp1/nios2eds/bin/gnu/h-i686-mingw32/bin/../lib/gcc/nios2-elf/4.1.2/../../../../nios2-elf/lib\libsmallc.a(lib_a-memcmp.o)
                              ../sqrt_bsp/\libhal_bsp.a(alt_find_dev.o) (memcmp)
c:/altera/13.0sp1/nios2eds/bin/gnu/h-i686-mingw32/bin/../lib/gcc/nios2-elf/4.1.2/../../../../nios2-elf/lib\libsmallc.a(lib_a-__atexit.o)
                              c:/altera/13.0sp1/nios2eds/bin/gnu/h-i686-mingw32/bin/../lib/gcc/nios2-elf/4.1.2/../../../../nios2-elf/lib\libsmallc.a(lib_a-atexit.o) (__register_exitproc)
c:/altera/13.0sp1/nios2eds/bin/gnu/h-i686-mingw32/bin/../lib/gcc/nios2-elf/4.1.2/../../../../nios2-elf/lib\libsmallc.a(lib_a-__call_atexit.o)
                              c:/altera/13.0sp1/nios2eds/bin/gnu/h-i686-mingw32/bin/../lib/gcc/nios2-elf/4.1.2/../../../../nios2-elf/lib\libsmallc.a(lib_a-exit.o) (__call_exitprocs)
../sqrt_bsp/\libhal_bsp.a(alt_exit.o)
                              c:/altera/13.0sp1/nios2eds/bin/gnu/h-i686-mingw32/bin/../lib/gcc/nios2-elf/4.1.2/../../../../nios2-elf/lib\libsmallc.a(lib_a-exit.o) (_exit)

Allocating common symbols
Common symbol       size              file

alt_irq             0x100             ../sqrt_bsp/\libhal_bsp.a(alt_irq_handler.o)
errno               0x4               c:/altera/13.0sp1/nios2eds/bin/gnu/h-i686-mingw32/bin/../lib/gcc/nios2-elf/4.1.2/../../../../nios2-elf/lib\libsmallc.a(lib_a-int_errno.o)
_atexit0            0x8c              c:/altera/13.0sp1/nios2eds/bin/gnu/h-i686-mingw32/bin/../lib/gcc/nios2-elf/4.1.2/../../../../nios2-elf/lib\libsmallc.a(lib_a-atexit.o)
timer_period        0x4               obj/default/tp_nios_sqrt.o

Memory Configuration

Name             Origin             Length             Attributes
reset            0x00004000         0x00000020
ONCHIP           0x00004020         0x00003fe0
*default*        0x00000000         0xffffffff

Linker script and memory map

LOAD ../sqrt_bsp//obj/HAL/src/crt0.o
LOAD obj/default/tp_nios_sqrt.o
LOAD c:/altera/13.0sp1/nios2eds/bin/gnu/h-i686-mingw32/bin/../lib/gcc/nios2-elf/4.1.2/../../../../nios2-elf/lib\libstdc++.a
LOAD c:/altera/13.0sp1/nios2eds/bin/gnu/h-i686-mingw32/bin/../lib/gcc/nios2-elf/4.1.2/../../../../nios2-elf/lib\libm.a
LOAD c:/altera/13.0sp1/nios2eds/bin/gnu/h-i686-mingw32/bin/../lib/gcc/nios2-elf/4.1.2\libgcc.a
START GROUP
LOAD c:/altera/13.0sp1/nios2eds/bin/gnu/h-i686-mingw32/bin/../lib/gcc/nios2-elf/4.1.2/../../../../nios2-elf/lib\libsmallc.a
LOAD c:/altera/13.0sp1/nios2eds/bin/gnu/h-i686-mingw32/bin/../lib/gcc/nios2-elf/4.1.2\libgcc.a
LOAD ../sqrt_bsp/\libhal_bsp.a
END GROUP
LOAD c:/altera/13.0sp1/nios2eds/bin/gnu/h-i686-mingw32/bin/../lib/gcc/nios2-elf/4.1.2\libgcc.a
                0x00004000                __alt_mem_ONCHIP = 0x4000

.entry          0x00004000       0x20
 *(.entry)
 .entry         0x00004000       0x20 ../sqrt_bsp//obj/HAL/src/crt0.o
                0x00004000                __reset

.exceptions     0x00004020      0x194
                0x00004020                PROVIDE (__ram_exceptions_start, ABSOLUTE (.))
                0x00004020                . = ALIGN (0x20)
 *(.irq)
 *(.exceptions.entry.label)
 .exceptions.entry.label
                0x00004020        0x0 ../sqrt_bsp/\libhal_bsp.a(alt_irq_entry.o)
                0x00004020                alt_irq_entry
 .exceptions.entry.label
                0x00004020        0x0 ../sqrt_bsp/\libhal_bsp.a(alt_exception_entry.o)
                0x00004020                alt_exception
 *(.exceptions.entry.user)
 *(.exceptions.entry)
 .exceptions.entry
                0x00004020       0x54 ../sqrt_bsp/\libhal_bsp.a(alt_exception_entry.o)
 *(.exceptions.irqtest.user)
 *(.exceptions.irqtest)
 .exceptions.irqtest
                0x00004074       0x10 ../sqrt_bsp/\libhal_bsp.a(alt_irq_entry.o)
 *(.exceptions.irqhandler.user)
 *(.exceptions.irqhandler)
 .exceptions.irqhandler
                0x00004084        0x4 ../sqrt_bsp/\libhal_bsp.a(alt_irq_entry.o)
 *(.exceptions.irqreturn.user)
 *(.exceptions.irqreturn)
 .exceptions.irqreturn
                0x00004088        0x4 ../sqrt_bsp/\libhal_bsp.a(alt_irq_entry.o)
 *(.exceptions.notirq.label)
 .exceptions.notirq.label
                0x0000408c        0x0 ../sqrt_bsp/\libhal_bsp.a(alt_irq_entry.o)
 *(.exceptions.notirq.user)
 *(.exceptions.notirq)
 .exceptions.notirq
                0x0000408c        0x8 ../sqrt_bsp/\libhal_bsp.a(alt_exception_entry.o)
 *(.exceptions.soft.user)
 *(.exceptions.soft)
 *(.exceptions.unknown.user)
 *(.exceptions.unknown)
 .exceptions.unknown
                0x00004094        0x4 ../sqrt_bsp/\libhal_bsp.a(alt_exception_entry.o)
 *(.exceptions.exit.label)
 .exceptions.exit.label
                0x00004098        0x0 ../sqrt_bsp/\libhal_bsp.a(alt_irq_entry.o)
 .exceptions.exit.label
                0x00004098        0x0 ../sqrt_bsp/\libhal_bsp.a(alt_exception_entry.o)
 *(.exceptions.exit.user)
 *(.exceptions.exit)
 .exceptions.exit
                0x00004098       0x54 ../sqrt_bsp/\libhal_bsp.a(alt_exception_entry.o)
 *(.exceptions)
 .exceptions    0x000040ec       0xc8 ../sqrt_bsp/\libhal_bsp.a(alt_irq_handler.o)
                0x000040ec                alt_irq_handler
                0x000041b4                PROVIDE (__ram_exceptions_end, ABSOLUTE (.))
                0x00004020                PROVIDE (__flash_exceptions_start, LOADADDR (.exceptions))

.text           0x000041b4     0x2ab4
                0x000041b4                PROVIDE (stext, ABSOLUTE (.))
 *(.interp)
 *(.hash)
 *(.dynsym)
 *(.dynstr)
 *(.gnu.version)
 *(.gnu.version_d)
 *(.gnu.version_r)
 *(.rel.init)
 *(.rela.init)
 *(.rel.text .rel.text.* .rel.gnu.linkonce.t.*)
 *(.rela.text .rela.text.* .rela.gnu.linkonce.t.*)
 *(.rel.fini)
 *(.rela.fini)
 *(.rel.rodata .rel.rodata.* .rel.gnu.linkonce.r.*)
 *(.rela.rodata .rela.rodata.* .rela.gnu.linkonce.r.*)
 *(.rel.data .rel.data.* .rel.gnu.linkonce.d.*)
 *(.rela.data .rela.data.* .rela.gnu.linkonce.d.*)
 *(.rel.tdata .rel.tdata.* .rel.gnu.linkonce.td.*)
 *(.rela.tdata .rela.tdata.* .rela.gnu.linkonce.td.*)
 *(.rel.tbss .rel.tbss.* .rel.gnu.linkonce.tb.*)
 *(.rela.tbss .rela.tbss.* .rela.gnu.linkonce.tb.*)
 *(.rel.ctors)
 *(.rela.ctors)
 *(.rel.dtors)
 *(.rela.dtors)
 *(.rel.got)
 *(.rela.got)
 *(.rel.sdata .rel.sdata.* .rel.gnu.linkonce.s.*)
 *(.rela.sdata .rela.sdata.* .rela.gnu.linkonce.s.*)
 *(.rel.sbss .rel.sbss.* .rel.gnu.linkonce.sb.*)
 *(.rela.sbss .rela.sbss.* .rela.gnu.linkonce.sb.*)
 *(.rel.sdata2 .rel.sdata2.* .rel.gnu.linkonce.s2.*)
 *(.rela.sdata2 .rela.sdata2.* .rela.gnu.linkonce.s2.*)
 *(.rel.sbss2 .rel.sbss2.* .rel.gnu.linkonce.sb2.*)
 *(.rela.sbss2 .rela.sbss2.* .rela.gnu.linkonce.sb2.*)
 *(.rel.bss .rel.bss.* .rel.gnu.linkonce.b.*)
 *(.rela.bss .rela.bss.* .rela.gnu.linkonce.b.*)
 *(.rel.plt)
 *(.rela.plt)
 *(.rel.dyn)
 *(.init)
 *(.plt)
 *(.text .stub .text.* .gnu.linkonce.t.*)
 .text          0x000041b4       0x4c ../sqrt_bsp//obj/HAL/src/crt0.o
                0x000041b4                _start
 .text          0x00004200      0x514 obj/default/tp_nios_sqrt.o
                0x00004200                start_timer
                0x00004228                get_timer_period
                0x0000425c                get_timer_value
                0x00004298                compute_time_interval
                0x000042f8                sqrt1
                0x0000437c                sqrt2
                0x00004498                sqrt3
                0x00004554                main
 .text          0x00004714      0x14c c:/altera/13.0sp1/nios2eds/bin/gnu/h-i686-mingw32/bin/../lib/gcc/nios2-elf/4.1.2\libgcc.a(lib2-divmod.o)
                0x00004790                __divsi3
                0x000047f0                __modsi3
                0x00004850                __udivsi3
                0x00004858                __umodsi3
 .text          0x00004860       0x98 c:/altera/13.0sp1/nios2eds/bin/gnu/h-i686-mingw32/bin/../lib/gcc/nios2-elf/4.1.2/../../../../nios2-elf/lib\libsmallc.a(lib_a-printf.o)
                0x00004860                printf
                0x000048b4                _printf_r
 .text          0x000048f8       0xa4 c:/altera/13.0sp1/nios2eds/bin/gnu/h-i686-mingw32/bin/../lib/gcc/nios2-elf/4.1.2/../../../../nios2-elf/lib\libsmallc.a(lib_a-puts.o)
                0x000048f8                _puts_r
                0x00004988                puts
 .text          0x0000499c       0x20 c:/altera/13.0sp1/nios2eds/bin/gnu/h-i686-mingw32/bin/../lib/gcc/nios2-elf/4.1.2/../../../../nios2-elf/lib\libsmallc.a(lib_a-strlen.o)
                0x0000499c                strlen
 .text          0x000049bc      0x6d4 c:/altera/13.0sp1/nios2eds/bin/gnu/h-i686-mingw32/bin/../lib/gcc/nios2-elf/4.1.2/../../../../nios2-elf/lib\libsmallc.a(lib_a-vfprintf.o)
                0x00004a3c                ___vfprintf_internal_r
                0x0000506c                __vfprintf_internal
 .text          0x00005090       0xbc c:/altera/13.0sp1/nios2eds/bin/gnu/h-i686-mingw32/bin/../lib/gcc/nios2-elf/4.1.2/../../../../nios2-elf/lib\libsmallc.a(lib_a-fvwrite_small_dev.o)
                0x00005090                __sfvwrite_small_dev
 .text          0x0000514c        0x0 c:/altera/13.0sp1/nios2eds/bin/gnu/h-i686-mingw32/bin/../lib/gcc/nios2-elf/4.1.2/../../../../nios2-elf/lib\libsmallc.a(lib_a-impure.o)
 .text          0x0000514c       0x78 c:/altera/13.0sp1/nios2eds/bin/gnu/h-i686-mingw32/bin/../lib/gcc/nios2-elf/4.1.2/../../../../nios2-elf/lib\libsmallc.a(lib_a-writer.o)
                0x0000514c                _write_r
 .text          0x000051c4        0x0 c:/altera/13.0sp1/nios2eds/bin/gnu/h-i686-mingw32/bin/../lib/gcc/nios2-elf/4.1.2/../../../../nios2-elf/lib\libsmallc.a(lib_a-int_errno.o)
 .text          0x000051c4       0xec ../sqrt_bsp/\libhal_bsp.a(alt_load.o)
                0x000051c4                alt_load
 .text          0x000052b0       0x6c ../sqrt_bsp/\libhal_bsp.a(alt_main.o)
                0x000052b0                alt_main
 .text          0x0000531c      0x180 ../sqrt_bsp/\libhal_bsp.a(alt_write.o)
                0x0000531c                write
 .text          0x0000549c       0xb0 ../sqrt_bsp/\libhal_bsp.a(alt_sys_init.o)
                0x0000549c                alt_irq_init
                0x000054d0                alt_sys_init
 .text          0x0000554c       0xb0 ../sqrt_bsp/\libhal_bsp.a(altera_avalon_jtag_uart_fd.o)
                0x0000554c                altera_avalon_jtag_uart_read_fd
                0x000055a4                altera_avalon_jtag_uart_write_fd
 .text          0x000055fc      0x104 ../sqrt_bsp/\libhal_bsp.a(altera_avalon_jtag_uart_read.o)
                0x000055fc                altera_avalon_jtag_uart_read
 .text          0x00005700       0xa4 ../sqrt_bsp/\libhal_bsp.a(altera_avalon_jtag_uart_write.o)
                0x00005700                altera_avalon_jtag_uart_write
 .text          0x000057a4      0x100 ../sqrt_bsp/\libhal_bsp.a(altera_avalon_timer_sc.o)
                0x00005814                alt_avalon_timer_sc_init
 .text          0x000058a4      0x15c ../sqrt_bsp/\libhal_bsp.a(alt_close.o)
                0x000058a4                close
 .text          0x00005a00       0x44 ../sqrt_bsp/\libhal_bsp.a(alt_dcache_flush_all.o)
                0x00005a00                alt_dcache_flush_all
 .text          0x00005a44       0x2c ../sqrt_bsp/\libhal_bsp.a(alt_dev.o)
 .text          0x00005a70      0x114 ../sqrt_bsp/\libhal_bsp.a(alt_dev_llist_insert.o)
                0x00005a70                alt_dev_llist_insert
 .text          0x00005b84       0x64 ../sqrt_bsp/\libhal_bsp.a(alt_do_ctors.o)
                0x00005b84                _do_ctors
 .text          0x00005be8       0x64 ../sqrt_bsp/\libhal_bsp.a(alt_do_dtors.o)
                0x00005be8                _do_dtors
 .text          0x00005c4c        0x0 ../sqrt_bsp/\libhal_bsp.a(alt_errno.o)
 .text          0x00005c4c       0x30 ../sqrt_bsp/\libhal_bsp.a(alt_icache_flush_all.o)
                0x00005c4c                alt_icache_flush_all
 .text          0x00005c7c      0x1d4 ../sqrt_bsp/\libhal_bsp.a(alt_iic.o)
                0x00005c7c                alt_ic_isr_register
                0x00005ccc                alt_ic_irq_enable
                0x00005d68                alt_ic_irq_disable
                0x00005e08                alt_ic_irq_enabled
 .text          0x00005e50       0xf8 ../sqrt_bsp/\libhal_bsp.a(alt_iic_isr_register.o)
                0x00005e50                alt_iic_isr_register
 .text          0x00005f48      0x13c ../sqrt_bsp/\libhal_bsp.a(alt_io_redirect.o)
                0x0000600c                alt_io_redirect
 .text          0x00006084        0x0 ../sqrt_bsp/\libhal_bsp.a(alt_irq_entry.o)
 .text          0x00006084        0x0 ../sqrt_bsp/\libhal_bsp.a(alt_irq_handler.o)
 .text          0x00006084        0x0 ../sqrt_bsp/\libhal_bsp.a(alt_irq_vars.o)
 .text          0x00006084      0x2c4 ../sqrt_bsp/\libhal_bsp.a(alt_open.o)
                0x00006160                open
 .text          0x00006348       0x60 ../sqrt_bsp/\libhal_bsp.a(alt_release_fd.o)
                0x00006348                alt_release_fd
 .text          0x000063a8      0x1a4 ../sqrt_bsp/\libhal_bsp.a(alt_tick.o)
                0x000063a8                alt_alarm_stop
                0x00006440                alt_tick
 .text          0x0000654c       0x20 ../sqrt_bsp/\libhal_bsp.a(altera_nios2_qsys_irq.o)
                0x0000654c                altera_nios2_qsys_irq_init
 .text          0x0000656c        0x0 ../sqrt_bsp/\libhal_bsp.a(alt_exception_entry.o)
 .text          0x0000656c       0x94 ../sqrt_bsp/\libhal_bsp.a(alt_find_dev.o)
                0x0000656c                alt_find_dev
 .text          0x00006600      0x120 ../sqrt_bsp/\libhal_bsp.a(alt_find_file.o)
                0x00006600                alt_find_file
 .text          0x00006720       0xb8 ../sqrt_bsp/\libhal_bsp.a(alt_get_fd.o)
                0x00006720                alt_get_fd
 .text          0x000067d8       0x90 ../sqrt_bsp/\libhal_bsp.a(alt_icache_flush.o)
                0x000067d8                alt_icache_flush
 .text          0x00006868       0x14 c:/altera/13.0sp1/nios2eds/bin/gnu/h-i686-mingw32/bin/../lib/gcc/nios2-elf/4.1.2/../../../../nios2-elf/lib\libsmallc.a(lib_a-atexit.o)
                0x00006868                atexit
 .text          0x0000687c       0x20 c:/altera/13.0sp1/nios2eds/bin/gnu/h-i686-mingw32/bin/../lib/gcc/nios2-elf/4.1.2/../../../../nios2-elf/lib\libsmallc.a(lib_a-exit.o)
                0x0000687c                exit
 .text          0x0000689c       0x3c c:/altera/13.0sp1/nios2eds/bin/gnu/h-i686-mingw32/bin/../lib/gcc/nios2-elf/4.1.2/../../../../nios2-elf/lib\libsmallc.a(lib_a-memcmp.o)
                0x0000689c                memcmp
 .text          0x000068d8      0x16c c:/altera/13.0sp1/nios2eds/bin/gnu/h-i686-mingw32/bin/../lib/gcc/nios2-elf/4.1.2/../../../../nios2-elf/lib\libsmallc.a(lib_a-__atexit.o)
                0x000068d8                __register_exitproc
 .text          0x00006a44      0x1c0 c:/altera/13.0sp1/nios2eds/bin/gnu/h-i686-mingw32/bin/../lib/gcc/nios2-elf/4.1.2/../../../../nios2-elf/lib\libsmallc.a(lib_a-__call_atexit.o)
                0x00006a48                __call_exitprocs
 .text          0x00006c04       0x60 ../sqrt_bsp/\libhal_bsp.a(alt_exit.o)
                0x00006c44                _exit
 *(.gnu.warning.*)
 *(.fini)
                0x00006c64                PROVIDE (__etext, ABSOLUTE (.))
                0x00006c64                PROVIDE (_etext, ABSOLUTE (.))
                0x00006c64                PROVIDE (etext, ABSOLUTE (.))
 *(.eh_frame_hdr)
                0x00006c64                . = ALIGN (0x4)
                0x00006c64                PROVIDE (__preinit_array_start, ABSOLUTE (.))
 *(.preinit_array)
                0x00006c64                PROVIDE (__preinit_array_end, ABSOLUTE (.))
                0x00006c64                PROVIDE (__init_array_start, ABSOLUTE (.))
 *(.init_array)
                0x00006c64                PROVIDE (__init_array_end, ABSOLUTE (.))
                0x00006c64                PROVIDE (__fini_array_start, ABSOLUTE (.))
 *(.fini_array)
                0x00006c64                PROVIDE (__fini_array_end, ABSOLUTE (.))
 *(.eh_frame)
 *(.gcc_except_table)
 *(.dynamic)
                0x00006c64                PROVIDE (__CTOR_LIST__, ABSOLUTE (.))
 *(.ctors)
 *(SORT(.ctors.*))
 .ctors.65535   0x00006c64        0x4 c:/altera/13.0sp1/nios2eds/bin/gnu/h-i686-mingw32/bin/../lib/gcc/nios2-elf/4.1.2/../../../../nios2-elf/lib\libsmallc.a(lib_a-__call_atexit.o)
                0x00006c68                PROVIDE (__CTOR_END__, ABSOLUTE (.))
                0x00006c68                PROVIDE (__DTOR_LIST__, ABSOLUTE (.))
 *(.dtors)
 *(SORT(.dtors.*))
                0x00006c68                PROVIDE (__DTOR_END__, ABSOLUTE (.))
 *(.jcr)
                0x00006c68                . = ALIGN (0x4)

.rodata         0x00006c68       0x9c
                0x00006c68                PROVIDE (__ram_rodata_start, ABSOLUTE (.))
                0x00006c68                . = ALIGN (0x4)
 *(.rodata .rodata.* .gnu.linkonce.r.*)
 .rodata        0x00006c68       0x6c obj/default/tp_nios_sqrt.o
 .rodata.str1.4
                0x00006cd4        0x4 c:/altera/13.0sp1/nios2eds/bin/gnu/h-i686-mingw32/bin/../lib/gcc/nios2-elf/4.1.2/../../../../nios2-elf/lib\libsmallc.a(lib_a-puts.o)
 .rodata        0x00006cd8       0x10 ../sqrt_bsp/\libhal_bsp.a(alt_main.o)
 .rodata        0x00006ce8       0x10 ../sqrt_bsp/\libhal_bsp.a(alt_sys_init.o)
 .rodata        0x00006cf8        0xc ../sqrt_bsp/\libhal_bsp.a(alt_dev.o)
 *(.rodata1)
                0x00006d04                . = ALIGN (0x4)
                0x00006d04                PROVIDE (__ram_rodata_end, ABSOLUTE (.))
                0x00006c68                PROVIDE (__flash_rodata_start, LOADADDR (.rodata))

.rwdata         0x00006d04      0x2f8 load address 0x00006ffc
                0x00006d04                PROVIDE (__ram_rwdata_start, ABSOLUTE (.))
                0x00006d04                . = ALIGN (0x4)
 *(.got.plt)
 *(.got)
 *(.data1)
 *(.data .data.* .gnu.linkonce.d.*)
 .data          0x00006d04        0x0 ../sqrt_bsp//obj/HAL/src/crt0.o
 .data          0x00006d04        0x0 obj/default/tp_nios_sqrt.o
 .data          0x00006d04        0x0 c:/altera/13.0sp1/nios2eds/bin/gnu/h-i686-mingw32/bin/../lib/gcc/nios2-elf/4.1.2\libgcc.a(lib2-divmod.o)
 .data          0x00006d04        0x0 c:/altera/13.0sp1/nios2eds/bin/gnu/h-i686-mingw32/bin/../lib/gcc/nios2-elf/4.1.2/../../../../nios2-elf/lib\libsmallc.a(lib_a-printf.o)
 .data          0x00006d04        0x0 c:/altera/13.0sp1/nios2eds/bin/gnu/h-i686-mingw32/bin/../lib/gcc/nios2-elf/4.1.2/../../../../nios2-elf/lib\libsmallc.a(lib_a-puts.o)
 .data          0x00006d04        0x0 c:/altera/13.0sp1/nios2eds/bin/gnu/h-i686-mingw32/bin/../lib/gcc/nios2-elf/4.1.2/../../../../nios2-elf/lib\libsmallc.a(lib_a-strlen.o)
 .data          0x00006d04        0x0 c:/altera/13.0sp1/nios2eds/bin/gnu/h-i686-mingw32/bin/../lib/gcc/nios2-elf/4.1.2/../../../../nios2-elf/lib\libsmallc.a(lib_a-vfprintf.o)
 .data          0x00006d04        0x0 c:/altera/13.0sp1/nios2eds/bin/gnu/h-i686-mingw32/bin/../lib/gcc/nios2-elf/4.1.2/../../../../nios2-elf/lib\libsmallc.a(lib_a-fvwrite_small_dev.o)
 .data          0x00006d04       0xe0 c:/altera/13.0sp1/nios2eds/bin/gnu/h-i686-mingw32/bin/../lib/gcc/nios2-elf/4.1.2/../../../../nios2-elf/lib\libsmallc.a(lib_a-impure.o)
 .data          0x00006de4        0x0 c:/altera/13.0sp1/nios2eds/bin/gnu/h-i686-mingw32/bin/../lib/gcc/nios2-elf/4.1.2/../../../../nios2-elf/lib\libsmallc.a(lib_a-writer.o)
 .data          0x00006de4        0x0 c:/altera/13.0sp1/nios2eds/bin/gnu/h-i686-mingw32/bin/../lib/gcc/nios2-elf/4.1.2/../../../../nios2-elf/lib\libsmallc.a(lib_a-int_errno.o)
 .data          0x00006de4        0x0 ../sqrt_bsp/\libhal_bsp.a(alt_load.o)
 .data          0x00006de4        0x0 ../sqrt_bsp/\libhal_bsp.a(alt_main.o)
 .data          0x00006de4        0x0 ../sqrt_bsp/\libhal_bsp.a(alt_write.o)
 .data          0x00006de4       0x2c ../sqrt_bsp/\libhal_bsp.a(alt_sys_init.o)
 .data          0x00006e10        0x0 ../sqrt_bsp/\libhal_bsp.a(altera_avalon_jtag_uart_fd.o)
 .data          0x00006e10        0x0 ../sqrt_bsp/\libhal_bsp.a(altera_avalon_jtag_uart_read.o)
 .data          0x00006e10        0x0 ../sqrt_bsp/\libhal_bsp.a(altera_avalon_jtag_uart_write.o)
 .data          0x00006e10        0x0 ../sqrt_bsp/\libhal_bsp.a(altera_avalon_timer_sc.o)
 .data          0x00006e10        0x0 ../sqrt_bsp/\libhal_bsp.a(alt_close.o)
 .data          0x00006e10        0x0 ../sqrt_bsp/\libhal_bsp.a(alt_dcache_flush_all.o)
 .data          0x00006e10      0x1a8 ../sqrt_bsp/\libhal_bsp.a(alt_dev.o)
                0x00006e10                alt_dev_null
                0x00006e38                alt_fd_list
 .data          0x00006fb8        0x0 ../sqrt_bsp/\libhal_bsp.a(alt_dev_llist_insert.o)
 .data          0x00006fb8        0x0 ../sqrt_bsp/\libhal_bsp.a(alt_do_ctors.o)
 .data          0x00006fb8        0x0 ../sqrt_bsp/\libhal_bsp.a(alt_do_dtors.o)
 .data          0x00006fb8        0x0 ../sqrt_bsp/\libhal_bsp.a(alt_errno.o)
 .data          0x00006fb8        0x0 ../sqrt_bsp/\libhal_bsp.a(alt_icache_flush_all.o)
 .data          0x00006fb8        0x0 ../sqrt_bsp/\libhal_bsp.a(alt_iic.o)
 .data          0x00006fb8        0x0 ../sqrt_bsp/\libhal_bsp.a(alt_iic_isr_register.o)
 .data          0x00006fb8        0x0 ../sqrt_bsp/\libhal_bsp.a(alt_io_redirect.o)
 .data          0x00006fb8        0x0 ../sqrt_bsp/\libhal_bsp.a(alt_irq_entry.o)
 .data          0x00006fb8        0x0 ../sqrt_bsp/\libhal_bsp.a(alt_irq_handler.o)
 .data          0x00006fb8        0x0 ../sqrt_bsp/\libhal_bsp.a(alt_irq_vars.o)
 .data          0x00006fb8        0x0 ../sqrt_bsp/\libhal_bsp.a(alt_open.o)
 .data          0x00006fb8        0x0 ../sqrt_bsp/\libhal_bsp.a(alt_release_fd.o)
 .data          0x00006fb8        0x0 ../sqrt_bsp/\libhal_bsp.a(alt_tick.o)
 .data          0x00006fb8        0x0 ../sqrt_bsp/\libhal_bsp.a(altera_nios2_qsys_irq.o)
 .data          0x00006fb8        0x0 ../sqrt_bsp/\libhal_bsp.a(alt_exception_entry.o)
 .data          0x00006fb8        0x0 ../sqrt_bsp/\libhal_bsp.a(alt_find_dev.o)
 .data          0x00006fb8        0x0 ../sqrt_bsp/\libhal_bsp.a(alt_find_file.o)
 .data          0x00006fb8        0x0 ../sqrt_bsp/\libhal_bsp.a(alt_get_fd.o)
 .data          0x00006fb8        0x0 ../sqrt_bsp/\libhal_bsp.a(alt_icache_flush.o)
 .data          0x00006fb8        0x0 c:/altera/13.0sp1/nios2eds/bin/gnu/h-i686-mingw32/bin/../lib/gcc/nios2-elf/4.1.2/../../../../nios2-elf/lib\libsmallc.a(lib_a-atexit.o)
 .data          0x00006fb8        0x0 c:/altera/13.0sp1/nios2eds/bin/gnu/h-i686-mingw32/bin/../lib/gcc/nios2-elf/4.1.2/../../../../nios2-elf/lib\libsmallc.a(lib_a-exit.o)
 .data          0x00006fb8        0x0 c:/altera/13.0sp1/nios2eds/bin/gnu/h-i686-mingw32/bin/../lib/gcc/nios2-elf/4.1.2/../../../../nios2-elf/lib\libsmallc.a(lib_a-memcmp.o)
 .data          0x00006fb8        0x0 c:/altera/13.0sp1/nios2eds/bin/gnu/h-i686-mingw32/bin/../lib/gcc/nios2-elf/4.1.2/../../../../nios2-elf/lib\libsmallc.a(lib_a-__atexit.o)
 .data          0x00006fb8        0x0 c:/altera/13.0sp1/nios2eds/bin/gnu/h-i686-mingw32/bin/../lib/gcc/nios2-elf/4.1.2/../../../../nios2-elf/lib\libsmallc.a(lib_a-__call_atexit.o)
 .data          0x00006fb8        0x0 ../sqrt_bsp/\libhal_bsp.a(alt_exit.o)
                0x0000efb8                _gp = ABSOLUTE ((. + 0x8000))
                0x0000efb8                PROVIDE (gp, _gp)
 *(.rwdata .rwdata.*)
 *(.sdata .sdata.* .gnu.linkonce.s.*)
 .sdata         0x00006fb8       0x18 obj/default/tp_nios_sqrt.o
                0x00006fb8                timer_status
                0x00006fbc                timer_control
                0x00006fc0                timer_periodl
                0x00006fc4                timer_periodh
                0x00006fc8                timer_snapl
                0x00006fcc                timer_snaph
 .sdata         0x00006fd0        0x8 c:/altera/13.0sp1/nios2eds/bin/gnu/h-i686-mingw32/bin/../lib/gcc/nios2-elf/4.1.2/../../../../nios2-elf/lib\libsmallc.a(lib_a-impure.o)
                0x00006fd0                _impure_ptr
                0x00006fd4                _global_impure_ptr
 .sdata         0x00006fd8       0x14 ../sqrt_bsp/\libhal_bsp.a(alt_dev.o)
                0x00006fd8                alt_fs_list
                0x00006fe0                alt_dev_list
                0x00006fe8                alt_max_fd
 .sdata         0x00006fec        0x4 ../sqrt_bsp/\libhal_bsp.a(alt_errno.o)
                0x00006fec                alt_errno
 .sdata         0x00006ff0        0x4 ../sqrt_bsp/\libhal_bsp.a(alt_irq_vars.o)
                0x00006ff0                alt_priority_mask
 .sdata         0x00006ff4        0x8 ../sqrt_bsp/\libhal_bsp.a(alt_tick.o)
                0x00006ff4                alt_alarm_list
 *(.sdata2 .sdata2.* .gnu.linkonce.s2.*)
                0x00006ffc                . = ALIGN (0x4)
                0x00006ffc                _edata = ABSOLUTE (.)
                0x00006ffc                PROVIDE (edata, ABSOLUTE (.))
                0x00006ffc                PROVIDE (__ram_rwdata_end, ABSOLUTE (.))
                0x00006ffc                PROVIDE (__flash_rwdata_start, LOADADDR (.rwdata))

.bss            0x000072f4      0x1ac
                0x000072f4                __bss_start = ABSOLUTE (.)
                0x000072f4                PROVIDE (__sbss_start, ABSOLUTE (.))
                0x000072f4                PROVIDE (___sbss_start, ABSOLUTE (.))
 *(.dynsbss)
 *(.sbss .sbss.* .gnu.linkonce.sb.*)
 .sbss          0x000072f4        0x4 obj/default/tp_nios_sqrt.o
                0x000072f4                timer_period
 .sbss          0x000072f8        0x4 c:/altera/13.0sp1/nios2eds/bin/gnu/h-i686-mingw32/bin/../lib/gcc/nios2-elf/4.1.2/../../../../nios2-elf/lib\libsmallc.a(lib_a-int_errno.o)
                0x000072f8                errno
 .sbss          0x000072fc        0xc ../sqrt_bsp/\libhal_bsp.a(alt_main.o)
                0x000072fc                alt_argc
                0x00007300                alt_argv
                0x00007304                alt_envp
 .sbss          0x00007308        0x4 ../sqrt_bsp/\libhal_bsp.a(alt_irq_vars.o)
                0x00007308                alt_irq_active
 .sbss          0x0000730c        0x8 ../sqrt_bsp/\libhal_bsp.a(alt_tick.o)
                0x0000730c                _alt_tick_rate
                0x00007310                _alt_nticks
 *(.sbss2 .sbss2.* .gnu.linkonce.sb2.*)
 *(.scommon)
                0x00007314                PROVIDE (__sbss_end, ABSOLUTE (.))
                0x00007314                PROVIDE (___sbss_end, ABSOLUTE (.))
 *(.dynbss)
 *(.bss .bss.* .gnu.linkonce.b.*)
 .bss           0x00007314        0x0 ../sqrt_bsp//obj/HAL/src/crt0.o
 .bss           0x00007314        0x0 obj/default/tp_nios_sqrt.o
 .bss           0x00007314        0x0 c:/altera/13.0sp1/nios2eds/bin/gnu/h-i686-mingw32/bin/../lib/gcc/nios2-elf/4.1.2\libgcc.a(lib2-divmod.o)
 .bss           0x00007314        0x0 c:/altera/13.0sp1/nios2eds/bin/gnu/h-i686-mingw32/bin/../lib/gcc/nios2-elf/4.1.2/../../../../nios2-elf/lib\libsmallc.a(lib_a-printf.o)
 .bss           0x00007314        0x0 c:/altera/13.0sp1/nios2eds/bin/gnu/h-i686-mingw32/bin/../lib/gcc/nios2-elf/4.1.2/../../../../nios2-elf/lib\libsmallc.a(lib_a-puts.o)
 .bss           0x00007314        0x0 c:/altera/13.0sp1/nios2eds/bin/gnu/h-i686-mingw32/bin/../lib/gcc/nios2-elf/4.1.2/../../../../nios2-elf/lib\libsmallc.a(lib_a-strlen.o)
 .bss           0x00007314        0x0 c:/altera/13.0sp1/nios2eds/bin/gnu/h-i686-mingw32/bin/../lib/gcc/nios2-elf/4.1.2/../../../../nios2-elf/lib\libsmallc.a(lib_a-vfprintf.o)
 .bss           0x00007314        0x0 c:/altera/13.0sp1/nios2eds/bin/gnu/h-i686-mingw32/bin/../lib/gcc/nios2-elf/4.1.2/../../../../nios2-elf/lib\libsmallc.a(lib_a-fvwrite_small_dev.o)
 .bss           0x00007314        0x0 c:/altera/13.0sp1/nios2eds/bin/gnu/h-i686-mingw32/bin/../lib/gcc/nios2-elf/4.1.2/../../../../nios2-elf/lib\libsmallc.a(lib_a-impure.o)
 .bss           0x00007314        0x0 c:/altera/13.0sp1/nios2eds/bin/gnu/h-i686-mingw32/bin/../lib/gcc/nios2-elf/4.1.2/../../../../nios2-elf/lib\libsmallc.a(lib_a-writer.o)
 .bss           0x00007314        0x0 c:/altera/13.0sp1/nios2eds/bin/gnu/h-i686-mingw32/bin/../lib/gcc/nios2-elf/4.1.2/../../../../nios2-elf/lib\libsmallc.a(lib_a-int_errno.o)
 .bss           0x00007314        0x0 ../sqrt_bsp/\libhal_bsp.a(alt_load.o)
 .bss           0x00007314        0x0 ../sqrt_bsp/\libhal_bsp.a(alt_main.o)
 .bss           0x00007314        0x0 ../sqrt_bsp/\libhal_bsp.a(alt_write.o)
 .bss           0x00007314        0x0 ../sqrt_bsp/\libhal_bsp.a(alt_sys_init.o)
 .bss           0x00007314        0x0 ../sqrt_bsp/\libhal_bsp.a(altera_avalon_jtag_uart_fd.o)
 .bss           0x00007314        0x0 ../sqrt_bsp/\libhal_bsp.a(altera_avalon_jtag_uart_read.o)
 .bss           0x00007314        0x0 ../sqrt_bsp/\libhal_bsp.a(altera_avalon_jtag_uart_write.o)
 .bss           0x00007314        0x0 ../sqrt_bsp/\libhal_bsp.a(altera_avalon_timer_sc.o)
 .bss           0x00007314        0x0 ../sqrt_bsp/\libhal_bsp.a(alt_close.o)
 .bss           0x00007314        0x0 ../sqrt_bsp/\libhal_bsp.a(alt_dcache_flush_all.o)
 .bss           0x00007314        0x0 ../sqrt_bsp/\libhal_bsp.a(alt_dev.o)
 .bss           0x00007314        0x0 ../sqrt_bsp/\libhal_bsp.a(alt_dev_llist_insert.o)
 .bss           0x00007314        0x0 ../sqrt_bsp/\libhal_bsp.a(alt_do_ctors.o)
 .bss           0x00007314        0x0 ../sqrt_bsp/\libhal_bsp.a(alt_do_dtors.o)
 .bss           0x00007314        0x0 ../sqrt_bsp/\libhal_bsp.a(alt_errno.o)
 .bss           0x00007314        0x0 ../sqrt_bsp/\libhal_bsp.a(alt_icache_flush_all.o)
 .bss           0x00007314        0x0 ../sqrt_bsp/\libhal_bsp.a(alt_iic.o)
 .bss           0x00007314        0x0 ../sqrt_bsp/\libhal_bsp.a(alt_iic_isr_register.o)
 .bss           0x00007314        0x0 ../sqrt_bsp/\libhal_bsp.a(alt_io_redirect.o)
 .bss           0x00007314        0x0 ../sqrt_bsp/\libhal_bsp.a(alt_irq_entry.o)
 .bss           0x00007314        0x0 ../sqrt_bsp/\libhal_bsp.a(alt_irq_handler.o)
 .bss           0x00007314        0x0 ../sqrt_bsp/\libhal_bsp.a(alt_irq_vars.o)
 .bss           0x00007314        0x0 ../sqrt_bsp/\libhal_bsp.a(alt_open.o)
 .bss           0x00007314        0x0 ../sqrt_bsp/\libhal_bsp.a(alt_release_fd.o)
 .bss           0x00007314        0x0 ../sqrt_bsp/\libhal_bsp.a(alt_tick.o)
 .bss           0x00007314        0x0 ../sqrt_bsp/\libhal_bsp.a(altera_nios2_qsys_irq.o)
 .bss           0x00007314        0x0 ../sqrt_bsp/\libhal_bsp.a(alt_exception_entry.o)
 .bss           0x00007314        0x0 ../sqrt_bsp/\libhal_bsp.a(alt_find_dev.o)
 .bss           0x00007314        0x0 ../sqrt_bsp/\libhal_bsp.a(alt_find_file.o)
 .bss           0x00007314        0x0 ../sqrt_bsp/\libhal_bsp.a(alt_get_fd.o)
 .bss           0x00007314        0x0 ../sqrt_bsp/\libhal_bsp.a(alt_icache_flush.o)
 .bss           0x00007314        0x0 c:/altera/13.0sp1/nios2eds/bin/gnu/h-i686-mingw32/bin/../lib/gcc/nios2-elf/4.1.2/../../../../nios2-elf/lib\libsmallc.a(lib_a-atexit.o)
 .bss           0x00007314        0x0 c:/altera/13.0sp1/nios2eds/bin/gnu/h-i686-mingw32/bin/../lib/gcc/nios2-elf/4.1.2/../../../../nios2-elf/lib\libsmallc.a(lib_a-exit.o)
 .bss           0x00007314        0x0 c:/altera/13.0sp1/nios2eds/bin/gnu/h-i686-mingw32/bin/../lib/gcc/nios2-elf/4.1.2/../../../../nios2-elf/lib\libsmallc.a(lib_a-memcmp.o)
 .bss           0x00007314        0x0 c:/altera/13.0sp1/nios2eds/bin/gnu/h-i686-mingw32/bin/../lib/gcc/nios2-elf/4.1.2/../../../../nios2-elf/lib\libsmallc.a(lib_a-__atexit.o)
 .bss           0x00007314        0x0 c:/altera/13.0sp1/nios2eds/bin/gnu/h-i686-mingw32/bin/../lib/gcc/nios2-elf/4.1.2/../../../../nios2-elf/lib\libsmallc.a(lib_a-__call_atexit.o)
 .bss           0x00007314        0x0 ../sqrt_bsp/\libhal_bsp.a(alt_exit.o)
 *(COMMON)
 COMMON         0x00007314      0x100 ../sqrt_bsp/\libhal_bsp.a(alt_irq_handler.o)
                0x00007314                alt_irq
 COMMON         0x00007414       0x8c c:/altera/13.0sp1/nios2eds/bin/gnu/h-i686-mingw32/bin/../lib/gcc/nios2-elf/4.1.2/../../../../nios2-elf/lib\libsmallc.a(lib_a-atexit.o)
                0x00007414                _atexit0
                0x000074a0                . = ALIGN (0x4)
                0x000074a0                __bss_end = ABSOLUTE (.)

.ONCHIP         0x000074a0        0x0
                0x000074a0                PROVIDE (_alt_partition_ONCHIP_start, ABSOLUTE (.))
 *(.ONCHIP. ONCHIP.*)
                0x000074a0                . = ALIGN (0x4)
                0x000074a0                PROVIDE (_alt_partition_ONCHIP_end, ABSOLUTE (.))
                0x000074a0                _end = ABSOLUTE (.)
                0x000074a0                end = ABSOLUTE (.)
                0x000074a0                __alt_stack_base = ABSOLUTE (.)
                0x000074a0                PROVIDE (_alt_partition_ONCHIP_load_addr, LOADADDR (.ONCHIP))

.stab
 *(.stab)

.stabstr
 *(.stabstr)

.stab.excl
 *(.stab.excl)

.stab.exclstr
 *(.stab.exclstr)

.stab.index
 *(.stab.index)

.stab.indexstr
 *(.stab.indexstr)

.comment        0x00000000       0x26
 *(.comment)
 .comment       0x00000000       0x26 obj/default/tp_nios_sqrt.o
                                 0x27 (size before relaxing)
 .comment       0x00000000       0x27 c:/altera/13.0sp1/nios2eds/bin/gnu/h-i686-mingw32/bin/../lib/gcc/nios2-elf/4.1.2\libgcc.a(lib2-divmod.o)
 .comment       0x00000000       0x27 c:/altera/13.0sp1/nios2eds/bin/gnu/h-i686-mingw32/bin/../lib/gcc/nios2-elf/4.1.2/../../../../nios2-elf/lib\libsmallc.a(lib_a-printf.o)
 .comment       0x00000000       0x27 c:/altera/13.0sp1/nios2eds/bin/gnu/h-i686-mingw32/bin/../lib/gcc/nios2-elf/4.1.2/../../../../nios2-elf/lib\libsmallc.a(lib_a-puts.o)
 .comment       0x00000000       0x27 c:/altera/13.0sp1/nios2eds/bin/gnu/h-i686-mingw32/bin/../lib/gcc/nios2-elf/4.1.2/../../../../nios2-elf/lib\libsmallc.a(lib_a-strlen.o)
 .comment       0x00000000       0x27 c:/altera/13.0sp1/nios2eds/bin/gnu/h-i686-mingw32/bin/../lib/gcc/nios2-elf/4.1.2/../../../../nios2-elf/lib\libsmallc.a(lib_a-vfprintf.o)
 .comment       0x00000000       0x27 c:/altera/13.0sp1/nios2eds/bin/gnu/h-i686-mingw32/bin/../lib/gcc/nios2-elf/4.1.2/../../../../nios2-elf/lib\libsmallc.a(lib_a-fvwrite_small_dev.o)
 .comment       0x00000000       0x27 c:/altera/13.0sp1/nios2eds/bin/gnu/h-i686-mingw32/bin/../lib/gcc/nios2-elf/4.1.2/../../../../nios2-elf/lib\libsmallc.a(lib_a-impure.o)
 .comment       0x00000000       0x27 c:/altera/13.0sp1/nios2eds/bin/gnu/h-i686-mingw32/bin/../lib/gcc/nios2-elf/4.1.2/../../../../nios2-elf/lib\libsmallc.a(lib_a-writer.o)
 .comment       0x00000000       0x27 c:/altera/13.0sp1/nios2eds/bin/gnu/h-i686-mingw32/bin/../lib/gcc/nios2-elf/4.1.2/../../../../nios2-elf/lib\libsmallc.a(lib_a-int_errno.o)
 .comment       0x00000000       0x27 ../sqrt_bsp/\libhal_bsp.a(alt_load.o)
 .comment       0x00000000       0x27 ../sqrt_bsp/\libhal_bsp.a(alt_main.o)
 .comment       0x00000000       0x27 ../sqrt_bsp/\libhal_bsp.a(alt_write.o)
 .comment       0x00000000       0x27 ../sqrt_bsp/\libhal_bsp.a(alt_sys_init.o)
 .comment       0x00000000       0x27 ../sqrt_bsp/\libhal_bsp.a(altera_avalon_jtag_uart_fd.o)
 .comment       0x00000000       0x27 ../sqrt_bsp/\libhal_bsp.a(altera_avalon_jtag_uart_read.o)
 .comment       0x00000000       0x27 ../sqrt_bsp/\libhal_bsp.a(altera_avalon_jtag_uart_write.o)
 .comment       0x00000000       0x27 ../sqrt_bsp/\libhal_bsp.a(altera_avalon_timer_sc.o)
 .comment       0x00000000       0x27 ../sqrt_bsp/\libhal_bsp.a(alt_close.o)
 .comment       0x00000000       0x27 ../sqrt_bsp/\libhal_bsp.a(alt_dcache_flush_all.o)
 .comment       0x00000000       0x27 ../sqrt_bsp/\libhal_bsp.a(alt_dev.o)
 .comment       0x00000000       0x27 ../sqrt_bsp/\libhal_bsp.a(alt_dev_llist_insert.o)
 .comment       0x00000000       0x27 ../sqrt_bsp/\libhal_bsp.a(alt_do_ctors.o)
 .comment       0x00000000       0x27 ../sqrt_bsp/\libhal_bsp.a(alt_do_dtors.o)
 .comment       0x00000000       0x27 ../sqrt_bsp/\libhal_bsp.a(alt_errno.o)
 .comment       0x00000000       0x27 ../sqrt_bsp/\libhal_bsp.a(alt_icache_flush_all.o)
 .comment       0x00000000       0x27 ../sqrt_bsp/\libhal_bsp.a(alt_iic.o)
 .comment       0x00000000       0x27 ../sqrt_bsp/\libhal_bsp.a(alt_iic_isr_register.o)
 .comment       0x00000000       0x27 ../sqrt_bsp/\libhal_bsp.a(alt_io_redirect.o)
 .comment       0x00000000       0x27 ../sqrt_bsp/\libhal_bsp.a(alt_irq_handler.o)
 .comment       0x00000000       0x27 ../sqrt_bsp/\libhal_bsp.a(alt_irq_vars.o)
 .comment       0x00000000       0x27 ../sqrt_bsp/\libhal_bsp.a(alt_open.o)
 .comment       0x00000000       0x27 ../sqrt_bsp/\libhal_bsp.a(alt_release_fd.o)
 .comment       0x00000000       0x27 ../sqrt_bsp/\libhal_bsp.a(alt_tick.o)
 .comment       0x00000000       0x27 ../sqrt_bsp/\libhal_bsp.a(altera_nios2_qsys_irq.o)
 .comment       0x00000000       0x27 ../sqrt_bsp/\libhal_bsp.a(alt_find_dev.o)
 .comment       0x00000000       0x27 ../sqrt_bsp/\libhal_bsp.a(alt_find_file.o)
 .comment       0x00000000       0x27 ../sqrt_bsp/\libhal_bsp.a(alt_get_fd.o)
 .comment       0x00000000       0x27 ../sqrt_bsp/\libhal_bsp.a(alt_icache_flush.o)
 .comment       0x00000000       0x27 c:/altera/13.0sp1/nios2eds/bin/gnu/h-i686-mingw32/bin/../lib/gcc/nios2-elf/4.1.2/../../../../nios2-elf/lib\libsmallc.a(lib_a-atexit.o)
 .comment       0x00000000       0x27 c:/altera/13.0sp1/nios2eds/bin/gnu/h-i686-mingw32/bin/../lib/gcc/nios2-elf/4.1.2/../../../../nios2-elf/lib\libsmallc.a(lib_a-exit.o)
 .comment       0x00000000       0x27 c:/altera/13.0sp1/nios2eds/bin/gnu/h-i686-mingw32/bin/../lib/gcc/nios2-elf/4.1.2/../../../../nios2-elf/lib\libsmallc.a(lib_a-memcmp.o)
 .comment       0x00000000       0x27 c:/altera/13.0sp1/nios2eds/bin/gnu/h-i686-mingw32/bin/../lib/gcc/nios2-elf/4.1.2/../../../../nios2-elf/lib\libsmallc.a(lib_a-__atexit.o)
 .comment       0x00000000       0x27 c:/altera/13.0sp1/nios2eds/bin/gnu/h-i686-mingw32/bin/../lib/gcc/nios2-elf/4.1.2/../../../../nios2-elf/lib\libsmallc.a(lib_a-__call_atexit.o)
 .comment       0x00000000       0x27 ../sqrt_bsp/\libhal_bsp.a(alt_exit.o)

.debug
 *(.debug)

.line
 *(.line)

.debug_srcinfo
 *(.debug_srcinfo)

.debug_sfnames
 *(.debug_sfnames)

.debug_aranges  0x00000000      0x5b8
 *(.debug_aranges)
 .debug_aranges
                0x00000000       0x28 ../sqrt_bsp//obj/HAL/src/crt0.o
 .debug_aranges
                0x00000028       0x20 obj/default/tp_nios_sqrt.o
 .debug_aranges
                0x00000048       0x20 c:/altera/13.0sp1/nios2eds/bin/gnu/h-i686-mingw32/bin/../lib/gcc/nios2-elf/4.1.2\libgcc.a(lib2-divmod.o)
 .debug_aranges
                0x00000068       0x20 c:/altera/13.0sp1/nios2eds/bin/gnu/h-i686-mingw32/bin/../lib/gcc/nios2-elf/4.1.2/../../../../nios2-elf/lib\libsmallc.a(lib_a-printf.o)
 .debug_aranges
                0x00000088       0x20 c:/altera/13.0sp1/nios2eds/bin/gnu/h-i686-mingw32/bin/../lib/gcc/nios2-elf/4.1.2/../../../../nios2-elf/lib\libsmallc.a(lib_a-puts.o)
 .debug_aranges
                0x000000a8       0x20 c:/altera/13.0sp1/nios2eds/bin/gnu/h-i686-mingw32/bin/../lib/gcc/nios2-elf/4.1.2/../../../../nios2-elf/lib\libsmallc.a(lib_a-strlen.o)
 .debug_aranges
                0x000000c8       0x20 c:/altera/13.0sp1/nios2eds/bin/gnu/h-i686-mingw32/bin/../lib/gcc/nios2-elf/4.1.2/../../../../nios2-elf/lib\libsmallc.a(lib_a-vfprintf.o)
 .debug_aranges
                0x000000e8       0x20 c:/altera/13.0sp1/nios2eds/bin/gnu/h-i686-mingw32/bin/../lib/gcc/nios2-elf/4.1.2/../../../../nios2-elf/lib\libsmallc.a(lib_a-fvwrite_small_dev.o)
 .debug_aranges
                0x00000108       0x20 c:/altera/13.0sp1/nios2eds/bin/gnu/h-i686-mingw32/bin/../lib/gcc/nios2-elf/4.1.2/../../../../nios2-elf/lib\libsmallc.a(lib_a-writer.o)
 .debug_aranges
                0x00000128       0x20 ../sqrt_bsp/\libhal_bsp.a(alt_load.o)
 .debug_aranges
                0x00000148       0x20 ../sqrt_bsp/\libhal_bsp.a(alt_main.o)
 .debug_aranges
                0x00000168       0x20 ../sqrt_bsp/\libhal_bsp.a(alt_write.o)
 .debug_aranges
                0x00000188       0x20 ../sqrt_bsp/\libhal_bsp.a(alt_sys_init.o)
 .debug_aranges
                0x000001a8       0x20 ../sqrt_bsp/\libhal_bsp.a(altera_avalon_jtag_uart_fd.o)
 .debug_aranges
                0x000001c8       0x20 ../sqrt_bsp/\libhal_bsp.a(altera_avalon_jtag_uart_read.o)
 .debug_aranges
                0x000001e8       0x20 ../sqrt_bsp/\libhal_bsp.a(altera_avalon_jtag_uart_write.o)
 .debug_aranges
                0x00000208       0x20 ../sqrt_bsp/\libhal_bsp.a(altera_avalon_timer_sc.o)
 .debug_aranges
                0x00000228       0x20 ../sqrt_bsp/\libhal_bsp.a(alt_close.o)
 .debug_aranges
                0x00000248       0x20 ../sqrt_bsp/\libhal_bsp.a(alt_dcache_flush_all.o)
 .debug_aranges
                0x00000268       0x20 ../sqrt_bsp/\libhal_bsp.a(alt_dev.o)
 .debug_aranges
                0x00000288       0x20 ../sqrt_bsp/\libhal_bsp.a(alt_dev_llist_insert.o)
 .debug_aranges
                0x000002a8       0x20 ../sqrt_bsp/\libhal_bsp.a(alt_do_ctors.o)
 .debug_aranges
                0x000002c8       0x20 ../sqrt_bsp/\libhal_bsp.a(alt_do_dtors.o)
 .debug_aranges
                0x000002e8       0x20 ../sqrt_bsp/\libhal_bsp.a(alt_icache_flush_all.o)
 .debug_aranges
                0x00000308       0x20 ../sqrt_bsp/\libhal_bsp.a(alt_iic.o)
 .debug_aranges
                0x00000328       0x20 ../sqrt_bsp/\libhal_bsp.a(alt_iic_isr_register.o)
 .debug_aranges
                0x00000348       0x20 ../sqrt_bsp/\libhal_bsp.a(alt_io_redirect.o)
 .debug_aranges
                0x00000368       0x30 ../sqrt_bsp/\libhal_bsp.a(alt_irq_entry.o)
 .debug_aranges
                0x00000398       0x28 ../sqrt_bsp/\libhal_bsp.a(alt_irq_handler.o)
 .debug_aranges
                0x000003c0       0x20 ../sqrt_bsp/\libhal_bsp.a(alt_open.o)
 .debug_aranges
                0x000003e0       0x20 ../sqrt_bsp/\libhal_bsp.a(alt_release_fd.o)
 .debug_aranges
                0x00000400       0x20 ../sqrt_bsp/\libhal_bsp.a(alt_tick.o)
 .debug_aranges
                0x00000420       0x20 ../sqrt_bsp/\libhal_bsp.a(altera_nios2_qsys_irq.o)
 .debug_aranges
                0x00000440       0x38 ../sqrt_bsp/\libhal_bsp.a(alt_exception_entry.o)
 .debug_aranges
                0x00000478       0x20 ../sqrt_bsp/\libhal_bsp.a(alt_find_dev.o)
 .debug_aranges
                0x00000498       0x20 ../sqrt_bsp/\libhal_bsp.a(alt_find_file.o)
 .debug_aranges
                0x000004b8       0x20 ../sqrt_bsp/\libhal_bsp.a(alt_get_fd.o)
 .debug_aranges
                0x000004d8       0x20 ../sqrt_bsp/\libhal_bsp.a(alt_icache_flush.o)
 .debug_aranges
                0x000004f8       0x20 c:/altera/13.0sp1/nios2eds/bin/gnu/h-i686-mingw32/bin/../lib/gcc/nios2-elf/4.1.2/../../../../nios2-elf/lib\libsmallc.a(lib_a-atexit.o)
 .debug_aranges
                0x00000518       0x20 c:/altera/13.0sp1/nios2eds/bin/gnu/h-i686-mingw32/bin/../lib/gcc/nios2-elf/4.1.2/../../../../nios2-elf/lib\libsmallc.a(lib_a-exit.o)
 .debug_aranges
                0x00000538       0x20 c:/altera/13.0sp1/nios2eds/bin/gnu/h-i686-mingw32/bin/../lib/gcc/nios2-elf/4.1.2/../../../../nios2-elf/lib\libsmallc.a(lib_a-memcmp.o)
 .debug_aranges
                0x00000558       0x20 c:/altera/13.0sp1/nios2eds/bin/gnu/h-i686-mingw32/bin/../lib/gcc/nios2-elf/4.1.2/../../../../nios2-elf/lib\libsmallc.a(lib_a-__atexit.o)
 .debug_aranges
                0x00000578       0x20 c:/altera/13.0sp1/nios2eds/bin/gnu/h-i686-mingw32/bin/../lib/gcc/nios2-elf/4.1.2/../../../../nios2-elf/lib\libsmallc.a(lib_a-__call_atexit.o)
 .debug_aranges
                0x00000598       0x20 ../sqrt_bsp/\libhal_bsp.a(alt_exit.o)

.debug_pubnames
                0x00000000      0x908
 *(.debug_pubnames)
 .debug_pubnames
                0x00000000      0x104 obj/default/tp_nios_sqrt.o
 .debug_pubnames
                0x00000104       0x48 c:/altera/13.0sp1/nios2eds/bin/gnu/h-i686-mingw32/bin/../lib/gcc/nios2-elf/4.1.2\libgcc.a(lib2-divmod.o)
 .debug_pubnames
                0x0000014c       0x2b c:/altera/13.0sp1/nios2eds/bin/gnu/h-i686-mingw32/bin/../lib/gcc/nios2-elf/4.1.2/../../../../nios2-elf/lib\libsmallc.a(lib_a-printf.o)
 .debug_pubnames
                0x00000177       0x27 c:/altera/13.0sp1/nios2eds/bin/gnu/h-i686-mingw32/bin/../lib/gcc/nios2-elf/4.1.2/../../../../nios2-elf/lib\libsmallc.a(lib_a-puts.o)
 .debug_pubnames
                0x0000019e       0x1d c:/altera/13.0sp1/nios2eds/bin/gnu/h-i686-mingw32/bin/../lib/gcc/nios2-elf/4.1.2/../../../../nios2-elf/lib\libsmallc.a(lib_a-strlen.o)
 .debug_pubnames
                0x000001bb       0x45 c:/altera/13.0sp1/nios2eds/bin/gnu/h-i686-mingw32/bin/../lib/gcc/nios2-elf/4.1.2/../../../../nios2-elf/lib\libsmallc.a(lib_a-vfprintf.o)
 .debug_pubnames
                0x00000200       0x2b c:/altera/13.0sp1/nios2eds/bin/gnu/h-i686-mingw32/bin/../lib/gcc/nios2-elf/4.1.2/../../../../nios2-elf/lib\libsmallc.a(lib_a-fvwrite_small_dev.o)
 .debug_pubnames
                0x0000022b       0x39 c:/altera/13.0sp1/nios2eds/bin/gnu/h-i686-mingw32/bin/../lib/gcc/nios2-elf/4.1.2/../../../../nios2-elf/lib\libsmallc.a(lib_a-impure.o)
 .debug_pubnames
                0x00000264       0x1f c:/altera/13.0sp1/nios2eds/bin/gnu/h-i686-mingw32/bin/../lib/gcc/nios2-elf/4.1.2/../../../../nios2-elf/lib\libsmallc.a(lib_a-writer.o)
 .debug_pubnames
                0x00000283       0x1c c:/altera/13.0sp1/nios2eds/bin/gnu/h-i686-mingw32/bin/../lib/gcc/nios2-elf/4.1.2/../../../../nios2-elf/lib\libsmallc.a(lib_a-int_errno.o)
 .debug_pubnames
                0x0000029f       0x1f ../sqrt_bsp/\libhal_bsp.a(alt_load.o)
 .debug_pubnames
                0x000002be       0x46 ../sqrt_bsp/\libhal_bsp.a(alt_main.o)
 .debug_pubnames
                0x00000304       0x1c ../sqrt_bsp/\libhal_bsp.a(alt_write.o)
 .debug_pubnames
                0x00000320       0x34 ../sqrt_bsp/\libhal_bsp.a(alt_sys_init.o)
 .debug_pubnames
                0x00000354       0x5b ../sqrt_bsp/\libhal_bsp.a(altera_avalon_jtag_uart_fd.o)
 .debug_pubnames
                0x000003af       0x33 ../sqrt_bsp/\libhal_bsp.a(altera_avalon_jtag_uart_read.o)
 .debug_pubnames
                0x000003e2       0x34 ../sqrt_bsp/\libhal_bsp.a(altera_avalon_jtag_uart_write.o)
 .debug_pubnames
                0x00000416       0x2f ../sqrt_bsp/\libhal_bsp.a(altera_avalon_timer_sc.o)
 .debug_pubnames
                0x00000445       0x1c ../sqrt_bsp/\libhal_bsp.a(alt_close.o)
 .debug_pubnames
                0x00000461       0x2b ../sqrt_bsp/\libhal_bsp.a(alt_dcache_flush_all.o)
 .debug_pubnames
                0x0000048c       0x63 ../sqrt_bsp/\libhal_bsp.a(alt_dev.o)
 .debug_pubnames
                0x000004ef       0x2b ../sqrt_bsp/\libhal_bsp.a(alt_dev_llist_insert.o)
 .debug_pubnames
                0x0000051a       0x20 ../sqrt_bsp/\libhal_bsp.a(alt_do_ctors.o)
 .debug_pubnames
                0x0000053a       0x20 ../sqrt_bsp/\libhal_bsp.a(alt_do_dtors.o)
 .debug_pubnames
                0x0000055a       0x20 ../sqrt_bsp/\libhal_bsp.a(alt_errno.o)
 .debug_pubnames
                0x0000057a       0x2b ../sqrt_bsp/\libhal_bsp.a(alt_icache_flush_all.o)
 .debug_pubnames
                0x000005a5       0x6e ../sqrt_bsp/\libhal_bsp.a(alt_iic.o)
 .debug_pubnames
                0x00000613       0x2b ../sqrt_bsp/\libhal_bsp.a(alt_iic_isr_register.o)
 .debug_pubnames
                0x0000063e       0x26 ../sqrt_bsp/\libhal_bsp.a(alt_io_redirect.o)
 .debug_pubnames
                0x00000664       0x32 ../sqrt_bsp/\libhal_bsp.a(alt_irq_handler.o)
 .debug_pubnames
                0x00000696       0x3b ../sqrt_bsp/\libhal_bsp.a(alt_irq_vars.o)
 .debug_pubnames
                0x000006d1       0x1b ../sqrt_bsp/\libhal_bsp.a(alt_open.o)
 .debug_pubnames
                0x000006ec       0x25 ../sqrt_bsp/\libhal_bsp.a(alt_release_fd.o)
 .debug_pubnames
                0x00000711       0x68 ../sqrt_bsp/\libhal_bsp.a(alt_tick.o)
 .debug_pubnames
                0x00000779       0x31 ../sqrt_bsp/\libhal_bsp.a(altera_nios2_qsys_irq.o)
 .debug_pubnames
                0x000007aa       0x23 ../sqrt_bsp/\libhal_bsp.a(alt_find_dev.o)
 .debug_pubnames
                0x000007cd       0x24 ../sqrt_bsp/\libhal_bsp.a(alt_find_file.o)
 .debug_pubnames
                0x000007f1       0x21 ../sqrt_bsp/\libhal_bsp.a(alt_get_fd.o)
 .debug_pubnames
                0x00000812       0x27 ../sqrt_bsp/\libhal_bsp.a(alt_icache_flush.o)
 .debug_pubnames
                0x00000839       0x2a c:/altera/13.0sp1/nios2eds/bin/gnu/h-i686-mingw32/bin/../lib/gcc/nios2-elf/4.1.2/../../../../nios2-elf/lib\libsmallc.a(lib_a-atexit.o)
 .debug_pubnames
                0x00000863       0x1b c:/altera/13.0sp1/nios2eds/bin/gnu/h-i686-mingw32/bin/../lib/gcc/nios2-elf/4.1.2/../../../../nios2-elf/lib\libsmallc.a(lib_a-exit.o)
 .debug_pubnames
                0x0000087e       0x1d c:/altera/13.0sp1/nios2eds/bin/gnu/h-i686-mingw32/bin/../lib/gcc/nios2-elf/4.1.2/../../../../nios2-elf/lib\libsmallc.a(lib_a-memcmp.o)
 .debug_pubnames
                0x0000089b       0x2a c:/altera/13.0sp1/nios2eds/bin/gnu/h-i686-mingw32/bin/../lib/gcc/nios2-elf/4.1.2/../../../../nios2-elf/lib\libsmallc.a(lib_a-__atexit.o)
 .debug_pubnames
                0x000008c5       0x27 c:/altera/13.0sp1/nios2eds/bin/gnu/h-i686-mingw32/bin/../lib/gcc/nios2-elf/4.1.2/../../../../nios2-elf/lib\libsmallc.a(lib_a-__call_atexit.o)
 .debug_pubnames
                0x000008ec       0x1c ../sqrt_bsp/\libhal_bsp.a(alt_exit.o)

.debug_info     0x00000000     0xaae5
 *(.debug_info .gnu.linkonce.wi.*)
 .debug_info    0x00000000       0x8e ../sqrt_bsp//obj/HAL/src/crt0.o
 .debug_info    0x0000008e      0x43b obj/default/tp_nios_sqrt.o
 .debug_info    0x000004c9      0x21c c:/altera/13.0sp1/nios2eds/bin/gnu/h-i686-mingw32/bin/../lib/gcc/nios2-elf/4.1.2\libgcc.a(lib2-divmod.o)
 .debug_info    0x000006e5      0x6c8 c:/altera/13.0sp1/nios2eds/bin/gnu/h-i686-mingw32/bin/../lib/gcc/nios2-elf/4.1.2/../../../../nios2-elf/lib\libsmallc.a(lib_a-printf.o)
 .debug_info    0x00000dad      0x685 c:/altera/13.0sp1/nios2eds/bin/gnu/h-i686-mingw32/bin/../lib/gcc/nios2-elf/4.1.2/../../../../nios2-elf/lib\libsmallc.a(lib_a-puts.o)
 .debug_info    0x00001432       0xc2 c:/altera/13.0sp1/nios2eds/bin/gnu/h-i686-mingw32/bin/../lib/gcc/nios2-elf/4.1.2/../../../../nios2-elf/lib\libsmallc.a(lib_a-strlen.o)
 .debug_info    0x000014f4      0x9b5 c:/altera/13.0sp1/nios2eds/bin/gnu/h-i686-mingw32/bin/../lib/gcc/nios2-elf/4.1.2/../../../../nios2-elf/lib\libsmallc.a(lib_a-vfprintf.o)
 .debug_info    0x00001ea9      0x68e c:/altera/13.0sp1/nios2eds/bin/gnu/h-i686-mingw32/bin/../lib/gcc/nios2-elf/4.1.2/../../../../nios2-elf/lib\libsmallc.a(lib_a-fvwrite_small_dev.o)
 .debug_info    0x00002537      0x636 c:/altera/13.0sp1/nios2eds/bin/gnu/h-i686-mingw32/bin/../lib/gcc/nios2-elf/4.1.2/../../../../nios2-elf/lib\libsmallc.a(lib_a-impure.o)
 .debug_info    0x00002b6d      0x68c c:/altera/13.0sp1/nios2eds/bin/gnu/h-i686-mingw32/bin/../lib/gcc/nios2-elf/4.1.2/../../../../nios2-elf/lib\libsmallc.a(lib_a-writer.o)
 .debug_info    0x000031f9       0x8c c:/altera/13.0sp1/nios2eds/bin/gnu/h-i686-mingw32/bin/../lib/gcc/nios2-elf/4.1.2/../../../../nios2-elf/lib\libsmallc.a(lib_a-int_errno.o)
 .debug_info    0x00003285      0x2a0 ../sqrt_bsp/\libhal_bsp.a(alt_load.o)
 .debug_info    0x00003525      0x238 ../sqrt_bsp/\libhal_bsp.a(alt_main.o)
 .debug_info    0x0000375d      0x6a6 ../sqrt_bsp/\libhal_bsp.a(alt_write.o)
 .debug_info    0x00003e03      0x5d4 ../sqrt_bsp/\libhal_bsp.a(alt_sys_init.o)
 .debug_info    0x000043d7      0x5cc ../sqrt_bsp/\libhal_bsp.a(altera_avalon_jtag_uart_fd.o)
 .debug_info    0x000049a3      0x31c ../sqrt_bsp/\libhal_bsp.a(altera_avalon_jtag_uart_read.o)
 .debug_info    0x00004cbf      0x2f9 ../sqrt_bsp/\libhal_bsp.a(altera_avalon_jtag_uart_write.o)
 .debug_info    0x00004fb8      0x39e ../sqrt_bsp/\libhal_bsp.a(altera_avalon_timer_sc.o)
 .debug_info    0x00005356      0x47a ../sqrt_bsp/\libhal_bsp.a(alt_close.o)
 .debug_info    0x000057d0      0x182 ../sqrt_bsp/\libhal_bsp.a(alt_dcache_flush_all.o)
 .debug_info    0x00005952      0x692 ../sqrt_bsp/\libhal_bsp.a(alt_dev.o)
 .debug_info    0x00005fe4      0x2ca ../sqrt_bsp/\libhal_bsp.a(alt_dev_llist_insert.o)
 .debug_info    0x000062ae      0x122 ../sqrt_bsp/\libhal_bsp.a(alt_do_ctors.o)
 .debug_info    0x000063d0      0x121 ../sqrt_bsp/\libhal_bsp.a(alt_do_dtors.o)
 .debug_info    0x000064f1      0x177 ../sqrt_bsp/\libhal_bsp.a(alt_errno.o)
 .debug_info    0x00006668      0x16f ../sqrt_bsp/\libhal_bsp.a(alt_icache_flush_all.o)
 .debug_info    0x000067d7      0x4a6 ../sqrt_bsp/\libhal_bsp.a(alt_iic.o)
 .debug_info    0x00006c7d      0x327 ../sqrt_bsp/\libhal_bsp.a(alt_iic_isr_register.o)
 .debug_info    0x00006fa4      0x6a8 ../sqrt_bsp/\libhal_bsp.a(alt_io_redirect.o)
 .debug_info    0x0000764c       0x97 ../sqrt_bsp/\libhal_bsp.a(alt_irq_entry.o)
 .debug_info    0x000076e3      0x288 ../sqrt_bsp/\libhal_bsp.a(alt_irq_handler.o)
 .debug_info    0x0000796b      0x17a ../sqrt_bsp/\libhal_bsp.a(alt_irq_vars.o)
 .debug_info    0x00007ae5      0x538 ../sqrt_bsp/\libhal_bsp.a(alt_open.o)
 .debug_info    0x0000801d      0x405 ../sqrt_bsp/\libhal_bsp.a(alt_release_fd.o)
 .debug_info    0x00008422      0x411 ../sqrt_bsp/\libhal_bsp.a(alt_tick.o)
 .debug_info    0x00008833      0x176 ../sqrt_bsp/\libhal_bsp.a(altera_nios2_qsys_irq.o)
 .debug_info    0x000089a9       0x9d ../sqrt_bsp/\libhal_bsp.a(alt_exception_entry.o)
 .debug_info    0x00008a46      0x42b ../sqrt_bsp/\libhal_bsp.a(alt_find_dev.o)
 .debug_info    0x00008e71      0x432 ../sqrt_bsp/\libhal_bsp.a(alt_find_file.o)
 .debug_info    0x000092a3      0x473 ../sqrt_bsp/\libhal_bsp.a(alt_get_fd.o)
 .debug_info    0x00009716      0x1b7 ../sqrt_bsp/\libhal_bsp.a(alt_icache_flush.o)
 .debug_info    0x000098cd      0x186 c:/altera/13.0sp1/nios2eds/bin/gnu/h-i686-mingw32/bin/../lib/gcc/nios2-elf/4.1.2/../../../../nios2-elf/lib\libsmallc.a(lib_a-atexit.o)
 .debug_info    0x00009a53       0x9f c:/altera/13.0sp1/nios2eds/bin/gnu/h-i686-mingw32/bin/../lib/gcc/nios2-elf/4.1.2/../../../../nios2-elf/lib\libsmallc.a(lib_a-exit.o)
 .debug_info    0x00009af2       0xef c:/altera/13.0sp1/nios2eds/bin/gnu/h-i686-mingw32/bin/../lib/gcc/nios2-elf/4.1.2/../../../../nios2-elf/lib\libsmallc.a(lib_a-memcmp.o)
 .debug_info    0x00009be1      0x68f c:/altera/13.0sp1/nios2eds/bin/gnu/h-i686-mingw32/bin/../lib/gcc/nios2-elf/4.1.2/../../../../nios2-elf/lib\libsmallc.a(lib_a-__atexit.o)
 .debug_info    0x0000a270      0x6d5 c:/altera/13.0sp1/nios2eds/bin/gnu/h-i686-mingw32/bin/../lib/gcc/nios2-elf/4.1.2/../../../../nios2-elf/lib\libsmallc.a(lib_a-__call_atexit.o)
 .debug_info    0x0000a945      0x1a0 ../sqrt_bsp/\libhal_bsp.a(alt_exit.o)

.debug_abbrev   0x00000000     0x27fe
 *(.debug_abbrev)
 .debug_abbrev  0x00000000       0x12 ../sqrt_bsp//obj/HAL/src/crt0.o
 .debug_abbrev  0x00000012       0xba obj/default/tp_nios_sqrt.o
 .debug_abbrev  0x000000cc       0xe0 c:/altera/13.0sp1/nios2eds/bin/gnu/h-i686-mingw32/bin/../lib/gcc/nios2-elf/4.1.2\libgcc.a(lib2-divmod.o)
 .debug_abbrev  0x000001ac      0x179 c:/altera/13.0sp1/nios2eds/bin/gnu/h-i686-mingw32/bin/../lib/gcc/nios2-elf/4.1.2/../../../../nios2-elf/lib\libsmallc.a(lib_a-printf.o)
 .debug_abbrev  0x00000325      0x180 c:/altera/13.0sp1/nios2eds/bin/gnu/h-i686-mingw32/bin/../lib/gcc/nios2-elf/4.1.2/../../../../nios2-elf/lib\libsmallc.a(lib_a-puts.o)
 .debug_abbrev  0x000004a5       0x7a c:/altera/13.0sp1/nios2eds/bin/gnu/h-i686-mingw32/bin/../lib/gcc/nios2-elf/4.1.2/../../../../nios2-elf/lib\libsmallc.a(lib_a-strlen.o)
 .debug_abbrev  0x0000051f      0x263 c:/altera/13.0sp1/nios2eds/bin/gnu/h-i686-mingw32/bin/../lib/gcc/nios2-elf/4.1.2/../../../../nios2-elf/lib\libsmallc.a(lib_a-vfprintf.o)
 .debug_abbrev  0x00000782      0x179 c:/altera/13.0sp1/nios2eds/bin/gnu/h-i686-mingw32/bin/../lib/gcc/nios2-elf/4.1.2/../../../../nios2-elf/lib\libsmallc.a(lib_a-fvwrite_small_dev.o)
 .debug_abbrev  0x000008fb      0x13f c:/altera/13.0sp1/nios2eds/bin/gnu/h-i686-mingw32/bin/../lib/gcc/nios2-elf/4.1.2/../../../../nios2-elf/lib\libsmallc.a(lib_a-impure.o)
 .debug_abbrev  0x00000a3a      0x16c c:/altera/13.0sp1/nios2eds/bin/gnu/h-i686-mingw32/bin/../lib/gcc/nios2-elf/4.1.2/../../../../nios2-elf/lib\libsmallc.a(lib_a-writer.o)
 .debug_abbrev  0x00000ba6       0x3b c:/altera/13.0sp1/nios2eds/bin/gnu/h-i686-mingw32/bin/../lib/gcc/nios2-elf/4.1.2/../../../../nios2-elf/lib\libsmallc.a(lib_a-int_errno.o)
 .debug_abbrev  0x00000be1       0x88 ../sqrt_bsp/\libhal_bsp.a(alt_load.o)
 .debug_abbrev  0x00000c69       0xb7 ../sqrt_bsp/\libhal_bsp.a(alt_main.o)
 .debug_abbrev  0x00000d20      0x100 ../sqrt_bsp/\libhal_bsp.a(alt_write.o)
 .debug_abbrev  0x00000e20      0x121 ../sqrt_bsp/\libhal_bsp.a(alt_sys_init.o)
 .debug_abbrev  0x00000f41       0xcb ../sqrt_bsp/\libhal_bsp.a(altera_avalon_jtag_uart_fd.o)
 .debug_abbrev  0x0000100c       0xb6 ../sqrt_bsp/\libhal_bsp.a(altera_avalon_jtag_uart_read.o)
 .debug_abbrev  0x000010c2       0xb4 ../sqrt_bsp/\libhal_bsp.a(altera_avalon_jtag_uart_write.o)
 .debug_abbrev  0x00001176      0x137 ../sqrt_bsp/\libhal_bsp.a(altera_avalon_timer_sc.o)
 .debug_abbrev  0x000012ad       0xfb ../sqrt_bsp/\libhal_bsp.a(alt_close.o)
 .debug_abbrev  0x000013a8       0x57 ../sqrt_bsp/\libhal_bsp.a(alt_dcache_flush_all.o)
 .debug_abbrev  0x000013ff       0xc7 ../sqrt_bsp/\libhal_bsp.a(alt_dev.o)
 .debug_abbrev  0x000014c6       0xf6 ../sqrt_bsp/\libhal_bsp.a(alt_dev_llist_insert.o)
 .debug_abbrev  0x000015bc       0x76 ../sqrt_bsp/\libhal_bsp.a(alt_do_ctors.o)
 .debug_abbrev  0x00001632       0x76 ../sqrt_bsp/\libhal_bsp.a(alt_do_dtors.o)
 .debug_abbrev  0x000016a8       0x5e ../sqrt_bsp/\libhal_bsp.a(alt_errno.o)
 .debug_abbrev  0x00001706       0x3f ../sqrt_bsp/\libhal_bsp.a(alt_icache_flush_all.o)
 .debug_abbrev  0x00001745      0x134 ../sqrt_bsp/\libhal_bsp.a(alt_iic.o)
 .debug_abbrev  0x00001879      0x14e ../sqrt_bsp/\libhal_bsp.a(alt_iic_isr_register.o)
 .debug_abbrev  0x000019c7       0xf0 ../sqrt_bsp/\libhal_bsp.a(alt_io_redirect.o)
 .debug_abbrev  0x00001ab7       0x12 ../sqrt_bsp/\libhal_bsp.a(alt_irq_entry.o)
 .debug_abbrev  0x00001ac9      0x10c ../sqrt_bsp/\libhal_bsp.a(alt_irq_handler.o)
 .debug_abbrev  0x00001bd5       0x44 ../sqrt_bsp/\libhal_bsp.a(alt_irq_vars.o)
 .debug_abbrev  0x00001c19      0x112 ../sqrt_bsp/\libhal_bsp.a(alt_open.o)
 .debug_abbrev  0x00001d2b       0xc1 ../sqrt_bsp/\libhal_bsp.a(alt_release_fd.o)
 .debug_abbrev  0x00001dec      0x150 ../sqrt_bsp/\libhal_bsp.a(alt_tick.o)
 .debug_abbrev  0x00001f3c       0x3f ../sqrt_bsp/\libhal_bsp.a(altera_nios2_qsys_irq.o)
 .debug_abbrev  0x00001f7b       0x12 ../sqrt_bsp/\libhal_bsp.a(alt_exception_entry.o)
 .debug_abbrev  0x00001f8d       0xcf ../sqrt_bsp/\libhal_bsp.a(alt_find_dev.o)
 .debug_abbrev  0x0000205c       0xcf ../sqrt_bsp/\libhal_bsp.a(alt_find_file.o)
 .debug_abbrev  0x0000212b       0xfb ../sqrt_bsp/\libhal_bsp.a(alt_get_fd.o)
 .debug_abbrev  0x00002226       0x7a ../sqrt_bsp/\libhal_bsp.a(alt_icache_flush.o)
 .debug_abbrev  0x000022a0       0xc6 c:/altera/13.0sp1/nios2eds/bin/gnu/h-i686-mingw32/bin/../lib/gcc/nios2-elf/4.1.2/../../../../nios2-elf/lib\libsmallc.a(lib_a-atexit.o)
 .debug_abbrev  0x00002366       0x4e c:/altera/13.0sp1/nios2eds/bin/gnu/h-i686-mingw32/bin/../lib/gcc/nios2-elf/4.1.2/../../../../nios2-elf/lib\libsmallc.a(lib_a-exit.o)
 .debug_abbrev  0x000023b4       0x7c c:/altera/13.0sp1/nios2eds/bin/gnu/h-i686-mingw32/bin/../lib/gcc/nios2-elf/4.1.2/../../../../nios2-elf/lib\libsmallc.a(lib_a-memcmp.o)
 .debug_abbrev  0x00002430      0x196 c:/altera/13.0sp1/nios2eds/bin/gnu/h-i686-mingw32/bin/../lib/gcc/nios2-elf/4.1.2/../../../../nios2-elf/lib\libsmallc.a(lib_a-__atexit.o)
 .debug_abbrev  0x000025c6      0x1c6 c:/altera/13.0sp1/nios2eds/bin/gnu/h-i686-mingw32/bin/../lib/gcc/nios2-elf/4.1.2/../../../../nios2-elf/lib\libsmallc.a(lib_a-__call_atexit.o)
 .debug_abbrev  0x0000278c       0x72 ../sqrt_bsp/\libhal_bsp.a(alt_exit.o)

.debug_line     0x00000000     0x6de5
 *(.debug_line)
 .debug_line    0x00000000       0x72 ../sqrt_bsp//obj/HAL/src/crt0.o
 .debug_line    0x00000072      0x453 obj/default/tp_nios_sqrt.o
 .debug_line    0x000004c5      0x24f c:/altera/13.0sp1/nios2eds/bin/gnu/h-i686-mingw32/bin/../lib/gcc/nios2-elf/4.1.2\libgcc.a(lib2-divmod.o)
 .debug_line    0x00000714      0x2bb c:/altera/13.0sp1/nios2eds/bin/gnu/h-i686-mingw32/bin/../lib/gcc/nios2-elf/4.1.2/../../../../nios2-elf/lib\libsmallc.a(lib_a-printf.o)
 .debug_line    0x000009cf      0x2af c:/altera/13.0sp1/nios2eds/bin/gnu/h-i686-mingw32/bin/../lib/gcc/nios2-elf/4.1.2/../../../../nios2-elf/lib\libsmallc.a(lib_a-puts.o)
 .debug_line    0x00000c7e      0x24d c:/altera/13.0sp1/nios2eds/bin/gnu/h-i686-mingw32/bin/../lib/gcc/nios2-elf/4.1.2/../../../../nios2-elf/lib\libsmallc.a(lib_a-strlen.o)
 .debug_line    0x00000ecb      0x62c c:/altera/13.0sp1/nios2eds/bin/gnu/h-i686-mingw32/bin/../lib/gcc/nios2-elf/4.1.2/../../../../nios2-elf/lib\libsmallc.a(lib_a-vfprintf.o)
 .debug_line    0x000014f7      0x2a6 c:/altera/13.0sp1/nios2eds/bin/gnu/h-i686-mingw32/bin/../lib/gcc/nios2-elf/4.1.2/../../../../nios2-elf/lib\libsmallc.a(lib_a-fvwrite_small_dev.o)
 .debug_line    0x0000179d      0x22d c:/altera/13.0sp1/nios2eds/bin/gnu/h-i686-mingw32/bin/../lib/gcc/nios2-elf/4.1.2/../../../../nios2-elf/lib\libsmallc.a(lib_a-impure.o)
 .debug_line    0x000019ca      0x29a c:/altera/13.0sp1/nios2eds/bin/gnu/h-i686-mingw32/bin/../lib/gcc/nios2-elf/4.1.2/../../../../nios2-elf/lib\libsmallc.a(lib_a-writer.o)
 .debug_line    0x00001c64      0x1df c:/altera/13.0sp1/nios2eds/bin/gnu/h-i686-mingw32/bin/../lib/gcc/nios2-elf/4.1.2/../../../../nios2-elf/lib\libsmallc.a(lib_a-int_errno.o)
 .debug_line    0x00001e43      0x217 ../sqrt_bsp/\libhal_bsp.a(alt_load.o)
 .debug_line    0x0000205a      0x2ca ../sqrt_bsp/\libhal_bsp.a(alt_main.o)
 .debug_line    0x00002324      0x2c9 ../sqrt_bsp/\libhal_bsp.a(alt_write.o)
 .debug_line    0x000025ed      0x2c7 ../sqrt_bsp/\libhal_bsp.a(alt_sys_init.o)
 .debug_line    0x000028b4      0x1d7 ../sqrt_bsp/\libhal_bsp.a(altera_avalon_jtag_uart_fd.o)
 .debug_line    0x00002a8b      0x343 ../sqrt_bsp/\libhal_bsp.a(altera_avalon_jtag_uart_read.o)
 .debug_line    0x00002dce      0x304 ../sqrt_bsp/\libhal_bsp.a(altera_avalon_jtag_uart_write.o)
 .debug_line    0x000030d2      0x2b3 ../sqrt_bsp/\libhal_bsp.a(altera_avalon_timer_sc.o)
 .debug_line    0x00003385      0x299 ../sqrt_bsp/\libhal_bsp.a(alt_close.o)
 .debug_line    0x0000361e      0x1cd ../sqrt_bsp/\libhal_bsp.a(alt_dcache_flush_all.o)
 .debug_line    0x000037eb      0x254 ../sqrt_bsp/\libhal_bsp.a(alt_dev.o)
 .debug_line    0x00003a3f      0x25a ../sqrt_bsp/\libhal_bsp.a(alt_dev_llist_insert.o)
 .debug_line    0x00003c99       0x83 ../sqrt_bsp/\libhal_bsp.a(alt_do_ctors.o)
 .debug_line    0x00003d1c       0x83 ../sqrt_bsp/\libhal_bsp.a(alt_do_dtors.o)
 .debug_line    0x00003d9f      0x1aa ../sqrt_bsp/\libhal_bsp.a(alt_errno.o)
 .debug_line    0x00003f49      0x1bd ../sqrt_bsp/\libhal_bsp.a(alt_icache_flush_all.o)
 .debug_line    0x00004106      0x2c8 ../sqrt_bsp/\libhal_bsp.a(alt_iic.o)
 .debug_line    0x000043ce      0x249 ../sqrt_bsp/\libhal_bsp.a(alt_iic_isr_register.o)
 .debug_line    0x00004617      0x2b4 ../sqrt_bsp/\libhal_bsp.a(alt_io_redirect.o)
 .debug_line    0x000048cb       0x6b ../sqrt_bsp/\libhal_bsp.a(alt_irq_entry.o)
 .debug_line    0x00004936      0x248 ../sqrt_bsp/\libhal_bsp.a(alt_irq_handler.o)
 .debug_line    0x00004b7e       0x72 ../sqrt_bsp/\libhal_bsp.a(alt_irq_vars.o)
 .debug_line    0x00004bf0      0x2ff ../sqrt_bsp/\libhal_bsp.a(alt_open.o)
 .debug_line    0x00004eef       0xed ../sqrt_bsp/\libhal_bsp.a(alt_release_fd.o)
 .debug_line    0x00004fdc      0x2dc ../sqrt_bsp/\libhal_bsp.a(alt_tick.o)
 .debug_line    0x000052b8      0x1ce ../sqrt_bsp/\libhal_bsp.a(altera_nios2_qsys_irq.o)
 .debug_line    0x00005486       0xab ../sqrt_bsp/\libhal_bsp.a(alt_exception_entry.o)
 .debug_line    0x00005531      0x26b ../sqrt_bsp/\libhal_bsp.a(alt_find_dev.o)
 .debug_line    0x0000579c      0x27c ../sqrt_bsp/\libhal_bsp.a(alt_find_file.o)
 .debug_line    0x00005a18      0x297 ../sqrt_bsp/\libhal_bsp.a(alt_get_fd.o)
 .debug_line    0x00005caf      0x1f9 ../sqrt_bsp/\libhal_bsp.a(alt_icache_flush.o)
 .debug_line    0x00005ea8      0x200 c:/altera/13.0sp1/nios2eds/bin/gnu/h-i686-mingw32/bin/../lib/gcc/nios2-elf/4.1.2/../../../../nios2-elf/lib\libsmallc.a(lib_a-atexit.o)
 .debug_line    0x000060a8      0x220 c:/altera/13.0sp1/nios2eds/bin/gnu/h-i686-mingw32/bin/../lib/gcc/nios2-elf/4.1.2/../../../../nios2-elf/lib\libsmallc.a(lib_a-exit.o)
 .debug_line    0x000062c8      0x26d c:/altera/13.0sp1/nios2eds/bin/gnu/h-i686-mingw32/bin/../lib/gcc/nios2-elf/4.1.2/../../../../nios2-elf/lib\libsmallc.a(lib_a-memcmp.o)
 .debug_line    0x00006535      0x34d c:/altera/13.0sp1/nios2eds/bin/gnu/h-i686-mingw32/bin/../lib/gcc/nios2-elf/4.1.2/../../../../nios2-elf/lib\libsmallc.a(lib_a-__atexit.o)
 .debug_line    0x00006882      0x35d c:/altera/13.0sp1/nios2eds/bin/gnu/h-i686-mingw32/bin/../lib/gcc/nios2-elf/4.1.2/../../../../nios2-elf/lib\libsmallc.a(lib_a-__call_atexit.o)
 .debug_line    0x00006bdf      0x206 ../sqrt_bsp/\libhal_bsp.a(alt_exit.o)

.debug_frame    0x00000000      0xa38
 *(.debug_frame)
 .debug_frame   0x00000000       0xf0 obj/default/tp_nios_sqrt.o
 .debug_frame   0x000000f0       0x70 c:/altera/13.0sp1/nios2eds/bin/gnu/h-i686-mingw32/bin/../lib/gcc/nios2-elf/4.1.2\libgcc.a(lib2-divmod.o)
 .debug_frame   0x00000160       0x40 c:/altera/13.0sp1/nios2eds/bin/gnu/h-i686-mingw32/bin/../lib/gcc/nios2-elf/4.1.2/../../../../nios2-elf/lib\libsmallc.a(lib_a-printf.o)
 .debug_frame   0x000001a0       0x3c c:/altera/13.0sp1/nios2eds/bin/gnu/h-i686-mingw32/bin/../lib/gcc/nios2-elf/4.1.2/../../../../nios2-elf/lib\libsmallc.a(lib_a-puts.o)
 .debug_frame   0x000001dc       0x20 c:/altera/13.0sp1/nios2eds/bin/gnu/h-i686-mingw32/bin/../lib/gcc/nios2-elf/4.1.2/../../../../nios2-elf/lib\libsmallc.a(lib_a-strlen.o)
 .debug_frame   0x000001fc       0x64 c:/altera/13.0sp1/nios2eds/bin/gnu/h-i686-mingw32/bin/../lib/gcc/nios2-elf/4.1.2/../../../../nios2-elf/lib\libsmallc.a(lib_a-vfprintf.o)
 .debug_frame   0x00000260       0x30 c:/altera/13.0sp1/nios2eds/bin/gnu/h-i686-mingw32/bin/../lib/gcc/nios2-elf/4.1.2/../../../../nios2-elf/lib\libsmallc.a(lib_a-fvwrite_small_dev.o)
 .debug_frame   0x00000290       0x2c c:/altera/13.0sp1/nios2eds/bin/gnu/h-i686-mingw32/bin/../lib/gcc/nios2-elf/4.1.2/../../../../nios2-elf/lib\libsmallc.a(lib_a-writer.o)
 .debug_frame   0x000002bc       0x48 ../sqrt_bsp/\libhal_bsp.a(alt_load.o)
 .debug_frame   0x00000304       0x2c ../sqrt_bsp/\libhal_bsp.a(alt_main.o)
 .debug_frame   0x00000330       0x48 ../sqrt_bsp/\libhal_bsp.a(alt_write.o)
 .debug_frame   0x00000378       0x64 ../sqrt_bsp/\libhal_bsp.a(alt_sys_init.o)
 .debug_frame   0x000003dc       0x48 ../sqrt_bsp/\libhal_bsp.a(altera_avalon_jtag_uart_fd.o)
 .debug_frame   0x00000424       0x2c ../sqrt_bsp/\libhal_bsp.a(altera_avalon_jtag_uart_read.o)
 .debug_frame   0x00000450       0x2c ../sqrt_bsp/\libhal_bsp.a(altera_avalon_jtag_uart_write.o)
 .debug_frame   0x0000047c       0x48 ../sqrt_bsp/\libhal_bsp.a(altera_avalon_timer_sc.o)
 .debug_frame   0x000004c4       0x48 ../sqrt_bsp/\libhal_bsp.a(alt_close.o)
 .debug_frame   0x0000050c       0x2c ../sqrt_bsp/\libhal_bsp.a(alt_dcache_flush_all.o)
 .debug_frame   0x00000538       0x2c ../sqrt_bsp/\libhal_bsp.a(alt_dev.o)
 .debug_frame   0x00000564       0x48 ../sqrt_bsp/\libhal_bsp.a(alt_dev_llist_insert.o)
 .debug_frame   0x000005ac       0x2c ../sqrt_bsp/\libhal_bsp.a(alt_do_ctors.o)
 .debug_frame   0x000005d8       0x2c ../sqrt_bsp/\libhal_bsp.a(alt_do_dtors.o)
 .debug_frame   0x00000604       0x2c ../sqrt_bsp/\libhal_bsp.a(alt_icache_flush_all.o)
 .debug_frame   0x00000630       0x80 ../sqrt_bsp/\libhal_bsp.a(alt_iic.o)
 .debug_frame   0x000006b0       0x2c ../sqrt_bsp/\libhal_bsp.a(alt_iic_isr_register.o)
 .debug_frame   0x000006dc       0x48 ../sqrt_bsp/\libhal_bsp.a(alt_io_redirect.o)
 .debug_frame   0x00000724       0x2c ../sqrt_bsp/\libhal_bsp.a(alt_irq_handler.o)
 .debug_frame   0x00000750       0x64 ../sqrt_bsp/\libhal_bsp.a(alt_open.o)
 .debug_frame   0x000007b4       0x2c ../sqrt_bsp/\libhal_bsp.a(alt_release_fd.o)
 .debug_frame   0x000007e0       0x48 ../sqrt_bsp/\libhal_bsp.a(alt_tick.o)
 .debug_frame   0x00000828       0x2c ../sqrt_bsp/\libhal_bsp.a(altera_nios2_qsys_irq.o)
 .debug_frame   0x00000854       0x2c ../sqrt_bsp/\libhal_bsp.a(alt_find_dev.o)
 .debug_frame   0x00000880       0x2c ../sqrt_bsp/\libhal_bsp.a(alt_find_file.o)
 .debug_frame   0x000008ac       0x2c ../sqrt_bsp/\libhal_bsp.a(alt_get_fd.o)
 .debug_frame   0x000008d8       0x2c ../sqrt_bsp/\libhal_bsp.a(alt_icache_flush.o)
 .debug_frame   0x00000904       0x20 c:/altera/13.0sp1/nios2eds/bin/gnu/h-i686-mingw32/bin/../lib/gcc/nios2-elf/4.1.2/../../../../nios2-elf/lib\libsmallc.a(lib_a-atexit.o)
 .debug_frame   0x00000924       0x2c c:/altera/13.0sp1/nios2eds/bin/gnu/h-i686-mingw32/bin/../lib/gcc/nios2-elf/4.1.2/../../../../nios2-elf/lib\libsmallc.a(lib_a-exit.o)
 .debug_frame   0x00000950       0x20 c:/altera/13.0sp1/nios2eds/bin/gnu/h-i686-mingw32/bin/../lib/gcc/nios2-elf/4.1.2/../../../../nios2-elf/lib\libsmallc.a(lib_a-memcmp.o)
 .debug_frame   0x00000970       0x34 c:/altera/13.0sp1/nios2eds/bin/gnu/h-i686-mingw32/bin/../lib/gcc/nios2-elf/4.1.2/../../../../nios2-elf/lib\libsmallc.a(lib_a-__atexit.o)
 .debug_frame   0x000009a4       0x4c c:/altera/13.0sp1/nios2eds/bin/gnu/h-i686-mingw32/bin/../lib/gcc/nios2-elf/4.1.2/../../../../nios2-elf/lib\libsmallc.a(lib_a-__call_atexit.o)
 .debug_frame   0x000009f0       0x48 ../sqrt_bsp/\libhal_bsp.a(alt_exit.o)

.debug_str      0x00000000      0xd6e
 *(.debug_str)
 .debug_str     0x00000000       0x12 obj/default/tp_nios_sqrt.o
 .debug_str     0x00000012      0x167 c:/altera/13.0sp1/nios2eds/bin/gnu/h-i686-mingw32/bin/../lib/gcc/nios2-elf/4.1.2\libgcc.a(lib2-divmod.o)
                                0x1b4 (size before relaxing)
 .debug_str     0x00000179      0x39c c:/altera/13.0sp1/nios2eds/bin/gnu/h-i686-mingw32/bin/../lib/gcc/nios2-elf/4.1.2/../../../../nios2-elf/lib\libsmallc.a(lib_a-printf.o)
                                0x458 (size before relaxing)
 .debug_str     0x00000515       0x45 c:/altera/13.0sp1/nios2eds/bin/gnu/h-i686-mingw32/bin/../lib/gcc/nios2-elf/4.1.2/../../../../nios2-elf/lib\libsmallc.a(lib_a-puts.o)
                                0x442 (size before relaxing)
 .debug_str     0x0000055a       0xd4 c:/altera/13.0sp1/nios2eds/bin/gnu/h-i686-mingw32/bin/../lib/gcc/nios2-elf/4.1.2/../../../../nios2-elf/lib\libsmallc.a(lib_a-strlen.o)
                                0x176 (size before relaxing)
 .debug_str     0x0000062e      0x165 c:/altera/13.0sp1/nios2eds/bin/gnu/h-i686-mingw32/bin/../lib/gcc/nios2-elf/4.1.2/../../../../nios2-elf/lib\libsmallc.a(lib_a-vfprintf.o)
                                0x5a1 (size before relaxing)
 .debug_str     0x00000793       0x6d c:/altera/13.0sp1/nios2eds/bin/gnu/h-i686-mingw32/bin/../lib/gcc/nios2-elf/4.1.2/../../../../nios2-elf/lib\libsmallc.a(lib_a-fvwrite_small_dev.o)
                                0x45c (size before relaxing)
 .debug_str     0x00000800       0xea c:/altera/13.0sp1/nios2eds/bin/gnu/h-i686-mingw32/bin/../lib/gcc/nios2-elf/4.1.2/../../../../nios2-elf/lib\libsmallc.a(lib_a-impure.o)
                                0x44f (size before relaxing)
 .debug_str     0x000008ea       0x4c c:/altera/13.0sp1/nios2eds/bin/gnu/h-i686-mingw32/bin/../lib/gcc/nios2-elf/4.1.2/../../../../nios2-elf/lib\libsmallc.a(lib_a-writer.o)
                                0x443 (size before relaxing)
 .debug_str     0x00000936       0x3d c:/altera/13.0sp1/nios2eds/bin/gnu/h-i686-mingw32/bin/../lib/gcc/nios2-elf/4.1.2/../../../../nios2-elf/lib\libsmallc.a(lib_a-int_errno.o)
                                0x169 (size before relaxing)
 .debug_str     0x00000973       0x12 ../sqrt_bsp/\libhal_bsp.a(alt_load.o)
 .debug_str     0x00000985       0x12 ../sqrt_bsp/\libhal_bsp.a(alt_main.o)
 .debug_str     0x00000997       0x12 ../sqrt_bsp/\libhal_bsp.a(alt_write.o)
 .debug_str     0x000009a9       0x12 ../sqrt_bsp/\libhal_bsp.a(alt_sys_init.o)
 .debug_str     0x000009bb       0x12 ../sqrt_bsp/\libhal_bsp.a(altera_avalon_jtag_uart_read.o)
 .debug_str     0x000009cd       0x12 ../sqrt_bsp/\libhal_bsp.a(altera_avalon_jtag_uart_write.o)
 .debug_str     0x000009df       0x12 ../sqrt_bsp/\libhal_bsp.a(altera_avalon_timer_sc.o)
 .debug_str     0x000009f1       0x12 ../sqrt_bsp/\libhal_bsp.a(alt_close.o)
 .debug_str     0x00000a03       0x12 ../sqrt_bsp/\libhal_bsp.a(alt_dcache_flush_all.o)
 .debug_str     0x00000a15       0x12 ../sqrt_bsp/\libhal_bsp.a(alt_dev.o)
 .debug_str     0x00000a27       0x12 ../sqrt_bsp/\libhal_bsp.a(alt_dev_llist_insert.o)
 .debug_str     0x00000a39       0x12 ../sqrt_bsp/\libhal_bsp.a(alt_errno.o)
 .debug_str     0x00000a4b       0x12 ../sqrt_bsp/\libhal_bsp.a(alt_icache_flush_all.o)
 .debug_str     0x00000a5d       0x18 ../sqrt_bsp/\libhal_bsp.a(alt_iic.o)
 .debug_str     0x00000a75       0x1a ../sqrt_bsp/\libhal_bsp.a(alt_iic_isr_register.o)
 .debug_str     0x00000a8f       0x12 ../sqrt_bsp/\libhal_bsp.a(alt_io_redirect.o)
 .debug_str     0x00000aa1       0x12 ../sqrt_bsp/\libhal_bsp.a(alt_irq_handler.o)
 .debug_str     0x00000ab3       0x12 ../sqrt_bsp/\libhal_bsp.a(alt_open.o)
 .debug_str     0x00000ac5       0x1a ../sqrt_bsp/\libhal_bsp.a(alt_tick.o)
 .debug_str     0x00000adf       0x12 ../sqrt_bsp/\libhal_bsp.a(altera_nios2_qsys_irq.o)
 .debug_str     0x00000af1       0x12 ../sqrt_bsp/\libhal_bsp.a(alt_find_dev.o)
 .debug_str     0x00000b03       0x12 ../sqrt_bsp/\libhal_bsp.a(alt_find_file.o)
 .debug_str     0x00000b15       0x12 ../sqrt_bsp/\libhal_bsp.a(alt_get_fd.o)
 .debug_str     0x00000b27       0x12 ../sqrt_bsp/\libhal_bsp.a(alt_icache_flush.o)
 .debug_str     0x00000b39       0xcd c:/altera/13.0sp1/nios2eds/bin/gnu/h-i686-mingw32/bin/../lib/gcc/nios2-elf/4.1.2/../../../../nios2-elf/lib\libsmallc.a(lib_a-atexit.o)
                                0x1d7 (size before relaxing)
 .debug_str     0x00000c06       0x3e c:/altera/13.0sp1/nios2eds/bin/gnu/h-i686-mingw32/bin/../lib/gcc/nios2-elf/4.1.2/../../../../nios2-elf/lib\libsmallc.a(lib_a-exit.o)
                                0x16a (size before relaxing)
 .debug_str     0x00000c44       0x42 c:/altera/13.0sp1/nios2eds/bin/gnu/h-i686-mingw32/bin/../lib/gcc/nios2-elf/4.1.2/../../../../nios2-elf/lib\libsmallc.a(lib_a-memcmp.o)
                                0x170 (size before relaxing)
 .debug_str     0x00000c86       0x51 c:/altera/13.0sp1/nios2eds/bin/gnu/h-i686-mingw32/bin/../lib/gcc/nios2-elf/4.1.2/../../../../nios2-elf/lib\libsmallc.a(lib_a-__atexit.o)
                                0x459 (size before relaxing)
 .debug_str     0x00000cd7       0x7b c:/altera/13.0sp1/nios2eds/bin/gnu/h-i686-mingw32/bin/../lib/gcc/nios2-elf/4.1.2/../../../../nios2-elf/lib\libsmallc.a(lib_a-__call_atexit.o)
                                0x483 (size before relaxing)
 .debug_str     0x00000d52       0x1c ../sqrt_bsp/\libhal_bsp.a(alt_exit.o)

.debug_loc      0x00000000     0x1914
 *(.debug_loc)
 .debug_loc     0x00000000      0x158 obj/default/tp_nios_sqrt.o
 .debug_loc     0x00000158      0x1d2 c:/altera/13.0sp1/nios2eds/bin/gnu/h-i686-mingw32/bin/../lib/gcc/nios2-elf/4.1.2\libgcc.a(lib2-divmod.o)
 .debug_loc     0x0000032a       0x8d c:/altera/13.0sp1/nios2eds/bin/gnu/h-i686-mingw32/bin/../lib/gcc/nios2-elf/4.1.2/../../../../nios2-elf/lib\libsmallc.a(lib_a-printf.o)
 .debug_loc     0x000003b7       0xa2 c:/altera/13.0sp1/nios2eds/bin/gnu/h-i686-mingw32/bin/../lib/gcc/nios2-elf/4.1.2/../../../../nios2-elf/lib\libsmallc.a(lib_a-puts.o)
 .debug_loc     0x00000459       0x1e c:/altera/13.0sp1/nios2eds/bin/gnu/h-i686-mingw32/bin/../lib/gcc/nios2-elf/4.1.2/../../../../nios2-elf/lib\libsmallc.a(lib_a-strlen.o)
 .debug_loc     0x00000477      0x773 c:/altera/13.0sp1/nios2eds/bin/gnu/h-i686-mingw32/bin/../lib/gcc/nios2-elf/4.1.2/../../../../nios2-elf/lib\libsmallc.a(lib_a-vfprintf.o)
 .debug_loc     0x00000bea      0x162 c:/altera/13.0sp1/nios2eds/bin/gnu/h-i686-mingw32/bin/../lib/gcc/nios2-elf/4.1.2/../../../../nios2-elf/lib\libsmallc.a(lib_a-fvwrite_small_dev.o)
 .debug_loc     0x00000d4c       0x97 c:/altera/13.0sp1/nios2eds/bin/gnu/h-i686-mingw32/bin/../lib/gcc/nios2-elf/4.1.2/../../../../nios2-elf/lib\libsmallc.a(lib_a-writer.o)
 .debug_loc     0x00000de3       0x56 ../sqrt_bsp/\libhal_bsp.a(alt_load.o)
 .debug_loc     0x00000e39       0x2b ../sqrt_bsp/\libhal_bsp.a(alt_main.o)
 .debug_loc     0x00000e64       0x56 ../sqrt_bsp/\libhal_bsp.a(alt_write.o)
 .debug_loc     0x00000eba       0x81 ../sqrt_bsp/\libhal_bsp.a(alt_sys_init.o)
 .debug_loc     0x00000f3b       0x56 ../sqrt_bsp/\libhal_bsp.a(altera_avalon_jtag_uart_fd.o)
 .debug_loc     0x00000f91       0x2b ../sqrt_bsp/\libhal_bsp.a(altera_avalon_jtag_uart_read.o)
 .debug_loc     0x00000fbc       0x2b ../sqrt_bsp/\libhal_bsp.a(altera_avalon_jtag_uart_write.o)
 .debug_loc     0x00000fe7       0x56 ../sqrt_bsp/\libhal_bsp.a(altera_avalon_timer_sc.o)
 .debug_loc     0x0000103d       0x56 ../sqrt_bsp/\libhal_bsp.a(alt_close.o)
 .debug_loc     0x00001093       0x2b ../sqrt_bsp/\libhal_bsp.a(alt_dcache_flush_all.o)
 .debug_loc     0x000010be       0x2b ../sqrt_bsp/\libhal_bsp.a(alt_dev.o)
 .debug_loc     0x000010e9       0x56 ../sqrt_bsp/\libhal_bsp.a(alt_dev_llist_insert.o)
 .debug_loc     0x0000113f       0x2b ../sqrt_bsp/\libhal_bsp.a(alt_do_ctors.o)
 .debug_loc     0x0000116a       0x2b ../sqrt_bsp/\libhal_bsp.a(alt_do_dtors.o)
 .debug_loc     0x00001195       0x2b ../sqrt_bsp/\libhal_bsp.a(alt_icache_flush_all.o)
 .debug_loc     0x000011c0       0xac ../sqrt_bsp/\libhal_bsp.a(alt_iic.o)
 .debug_loc     0x0000126c       0x2b ../sqrt_bsp/\libhal_bsp.a(alt_iic_isr_register.o)
 .debug_loc     0x00001297       0x56 ../sqrt_bsp/\libhal_bsp.a(alt_io_redirect.o)
 .debug_loc     0x000012ed       0x2b ../sqrt_bsp/\libhal_bsp.a(alt_irq_handler.o)
 .debug_loc     0x00001318       0x81 ../sqrt_bsp/\libhal_bsp.a(alt_open.o)
 .debug_loc     0x00001399       0x2b ../sqrt_bsp/\libhal_bsp.a(alt_release_fd.o)
 .debug_loc     0x000013c4       0x56 ../sqrt_bsp/\libhal_bsp.a(alt_tick.o)
 .debug_loc     0x0000141a       0x2b ../sqrt_bsp/\libhal_bsp.a(altera_nios2_qsys_irq.o)
 .debug_loc     0x00001445       0x2b ../sqrt_bsp/\libhal_bsp.a(alt_find_dev.o)
 .debug_loc     0x00001470       0x2b ../sqrt_bsp/\libhal_bsp.a(alt_find_file.o)
 .debug_loc     0x0000149b       0x2b ../sqrt_bsp/\libhal_bsp.a(alt_get_fd.o)
 .debug_loc     0x000014c6       0x2b ../sqrt_bsp/\libhal_bsp.a(alt_icache_flush.o)
 .debug_loc     0x000014f1       0x1e c:/altera/13.0sp1/nios2eds/bin/gnu/h-i686-mingw32/bin/../lib/gcc/nios2-elf/4.1.2/../../../../nios2-elf/lib\libsmallc.a(lib_a-atexit.o)
 .debug_loc     0x0000150f       0x3d c:/altera/13.0sp1/nios2eds/bin/gnu/h-i686-mingw32/bin/../lib/gcc/nios2-elf/4.1.2/../../../../nios2-elf/lib\libsmallc.a(lib_a-exit.o)
 .debug_loc     0x0000154c       0x70 c:/altera/13.0sp1/nios2eds/bin/gnu/h-i686-mingw32/bin/../lib/gcc/nios2-elf/4.1.2/../../../../nios2-elf/lib\libsmallc.a(lib_a-memcmp.o)
 .debug_loc     0x000015bc      0x141 c:/altera/13.0sp1/nios2eds/bin/gnu/h-i686-mingw32/bin/../lib/gcc/nios2-elf/4.1.2/../../../../nios2-elf/lib\libsmallc.a(lib_a-__atexit.o)
 .debug_loc     0x000016fd      0x1c1 c:/altera/13.0sp1/nios2eds/bin/gnu/h-i686-mingw32/bin/../lib/gcc/nios2-elf/4.1.2/../../../../nios2-elf/lib\libsmallc.a(lib_a-__call_atexit.o)
 .debug_loc     0x000018be       0x56 ../sqrt_bsp/\libhal_bsp.a(alt_exit.o)

.debug_macinfo
 *(.debug_macinfo)

.debug_weaknames
 *(.debug_weaknames)

.debug_funcnames
 *(.debug_funcnames)

.debug_typenames
 *(.debug_typenames)

.debug_varnames
 *(.debug_varnames)

.debug_alt_sim_info
                0x00000000       0x30
 *(.debug_alt_sim_info)
 .debug_alt_sim_info
                0x00000000       0x30 ../sqrt_bsp//obj/HAL/src/crt0.o
                0x00008000                __alt_data_end = 0x8000
                0x00008000                PROVIDE (__alt_stack_pointer, __alt_data_end)
                0x000074a0                PROVIDE (__alt_stack_limit, __alt_stack_base)
                0x000074a0                PROVIDE (__alt_heap_start, end)
                0x00008000                PROVIDE (__alt_heap_limit, 0x8000)
OUTPUT(sqrt.elf elf32-littlenios2)

.debug_ranges   0x00000000      0x1d0
 .debug_ranges  0x00000000       0x20 ../sqrt_bsp//obj/HAL/src/crt0.o
 .debug_ranges  0x00000020      0x140 c:/altera/13.0sp1/nios2eds/bin/gnu/h-i686-mingw32/bin/../lib/gcc/nios2-elf/4.1.2/../../../../nios2-elf/lib\libsmallc.a(lib_a-vfprintf.o)
 .debug_ranges  0x00000160       0x28 ../sqrt_bsp/\libhal_bsp.a(alt_irq_entry.o)
 .debug_ranges  0x00000188       0x30 ../sqrt_bsp/\libhal_bsp.a(alt_exception_entry.o)
 .debug_ranges  0x000001b8       0x18 c:/altera/13.0sp1/nios2eds/bin/gnu/h-i686-mingw32/bin/../lib/gcc/nios2-elf/4.1.2/../../../../nios2-elf/lib\libsmallc.a(lib_a-__call_atexit.o)
